Archive member included to satisfy reference by file (symbol)

c:/st/stm32cubeide_1.2.0/stm32cubeide/plugins/com.st.stm32cube.ide.mcu.externaltools.gnu-tools-for-stm32.7-2018-q2-update.win32_1.4.0.202007081208/tools/bin/../lib/gcc/arm-none-eabi/7.3.1/../../../../arm-none-eabi/lib/thumb/v7e-m/fpv4-sp/hard\libc_nano.a(lib_a-errno.o)
                              Core/Src/syscalls.o (__errno)
c:/st/stm32cubeide_1.2.0/stm32cubeide/plugins/com.st.stm32cube.ide.mcu.externaltools.gnu-tools-for-stm32.7-2018-q2-update.win32_1.4.0.202007081208/tools/bin/../lib/gcc/arm-none-eabi/7.3.1/../../../../arm-none-eabi/lib/thumb/v7e-m/fpv4-sp/hard\libc_nano.a(lib_a-exit.o)
                              c:/st/stm32cubeide_1.2.0/stm32cubeide/plugins/com.st.stm32cube.ide.mcu.externaltools.gnu-tools-for-stm32.7-2018-q2-update.win32_1.4.0.202007081208/tools/bin/../lib/gcc/arm-none-eabi/7.3.1/../../../../arm-none-eabi/lib/thumb/v7e-m/fpv4-sp/hard/crt0.o (exit)
c:/st/stm32cubeide_1.2.0/stm32cubeide/plugins/com.st.stm32cube.ide.mcu.externaltools.gnu-tools-for-stm32.7-2018-q2-update.win32_1.4.0.202007081208/tools/bin/../lib/gcc/arm-none-eabi/7.3.1/../../../../arm-none-eabi/lib/thumb/v7e-m/fpv4-sp/hard\libc_nano.a(lib_a-impure.o)
                              c:/st/stm32cubeide_1.2.0/stm32cubeide/plugins/com.st.stm32cube.ide.mcu.externaltools.gnu-tools-for-stm32.7-2018-q2-update.win32_1.4.0.202007081208/tools/bin/../lib/gcc/arm-none-eabi/7.3.1/../../../../arm-none-eabi/lib/thumb/v7e-m/fpv4-sp/hard\libc_nano.a(lib_a-exit.o) (_global_impure_ptr)
c:/st/stm32cubeide_1.2.0/stm32cubeide/plugins/com.st.stm32cube.ide.mcu.externaltools.gnu-tools-for-stm32.7-2018-q2-update.win32_1.4.0.202007081208/tools/bin/../lib/gcc/arm-none-eabi/7.3.1/../../../../arm-none-eabi/lib/thumb/v7e-m/fpv4-sp/hard\libc_nano.a(lib_a-init.o)
                              c:/st/stm32cubeide_1.2.0/stm32cubeide/plugins/com.st.stm32cube.ide.mcu.externaltools.gnu-tools-for-stm32.7-2018-q2-update.win32_1.4.0.202007081208/tools/bin/../lib/gcc/arm-none-eabi/7.3.1/../../../../arm-none-eabi/lib/thumb/v7e-m/fpv4-sp/hard/crt0.o (__libc_init_array)
c:/st/stm32cubeide_1.2.0/stm32cubeide/plugins/com.st.stm32cube.ide.mcu.externaltools.gnu-tools-for-stm32.7-2018-q2-update.win32_1.4.0.202007081208/tools/bin/../lib/gcc/arm-none-eabi/7.3.1/../../../../arm-none-eabi/lib/thumb/v7e-m/fpv4-sp/hard\libc_nano.a(lib_a-memcpy-stub.o)
                              Middlewares/FreeRTOS/cmsis_os2.o (memcpy)
c:/st/stm32cubeide_1.2.0/stm32cubeide/plugins/com.st.stm32cube.ide.mcu.externaltools.gnu-tools-for-stm32.7-2018-q2-update.win32_1.4.0.202007081208/tools/bin/../lib/gcc/arm-none-eabi/7.3.1/../../../../arm-none-eabi/lib/thumb/v7e-m/fpv4-sp/hard\libc_nano.a(lib_a-memset.o)
                              c:/st/stm32cubeide_1.2.0/stm32cubeide/plugins/com.st.stm32cube.ide.mcu.externaltools.gnu-tools-for-stm32.7-2018-q2-update.win32_1.4.0.202007081208/tools/bin/../lib/gcc/arm-none-eabi/7.3.1/../../../../arm-none-eabi/lib/thumb/v7e-m/fpv4-sp/hard/crt0.o (memset)
c:/st/stm32cubeide_1.2.0/stm32cubeide/plugins/com.st.stm32cube.ide.mcu.externaltools.gnu-tools-for-stm32.7-2018-q2-update.win32_1.4.0.202007081208/tools/bin/../lib/gcc/arm-none-eabi/7.3.1/../../../../arm-none-eabi/lib/thumb/v7e-m/fpv4-sp/hard\libc_nano.a(lib_a-puts.o)
                              Core/Src/main.o (puts)
c:/st/stm32cubeide_1.2.0/stm32cubeide/plugins/com.st.stm32cube.ide.mcu.externaltools.gnu-tools-for-stm32.7-2018-q2-update.win32_1.4.0.202007081208/tools/bin/../lib/gcc/arm-none-eabi/7.3.1/../../../../arm-none-eabi/lib/thumb/v7e-m/fpv4-sp/hard\libc_nano.a(lib_a-strcat.o)
                              Core/Src/freertos.o (strcat)
c:/st/stm32cubeide_1.2.0/stm32cubeide/plugins/com.st.stm32cube.ide.mcu.externaltools.gnu-tools-for-stm32.7-2018-q2-update.win32_1.4.0.202007081208/tools/bin/../lib/gcc/arm-none-eabi/7.3.1/../../../../arm-none-eabi/lib/thumb/v7e-m/fpv4-sp/hard\libc_nano.a(lib_a-strchr.o)
                              Core/Src/freertos.o (strchr)
c:/st/stm32cubeide_1.2.0/stm32cubeide/plugins/com.st.stm32cube.ide.mcu.externaltools.gnu-tools-for-stm32.7-2018-q2-update.win32_1.4.0.202007081208/tools/bin/../lib/gcc/arm-none-eabi/7.3.1/../../../../arm-none-eabi/lib/thumb/v7e-m/fpv4-sp/hard\libc_nano.a(lib_a-strstr.o)
                              Core/Src/freertos.o (strstr)
c:/st/stm32cubeide_1.2.0/stm32cubeide/plugins/com.st.stm32cube.ide.mcu.externaltools.gnu-tools-for-stm32.7-2018-q2-update.win32_1.4.0.202007081208/tools/bin/../lib/gcc/arm-none-eabi/7.3.1/../../../../arm-none-eabi/lib/thumb/v7e-m/fpv4-sp/hard\libc_nano.a(lib_a-strupr.o)
                              Core/Src/freertos.o (strupr)
c:/st/stm32cubeide_1.2.0/stm32cubeide/plugins/com.st.stm32cube.ide.mcu.externaltools.gnu-tools-for-stm32.7-2018-q2-update.win32_1.4.0.202007081208/tools/bin/../lib/gcc/arm-none-eabi/7.3.1/../../../../arm-none-eabi/lib/thumb/v7e-m/fpv4-sp/hard\libc_nano.a(lib_a-wbuf.o)
[...]
Memory Configuration

Name             Origin             Length             Attributes
CCMRAM           0x0000000010000000 0x0000000000010000 xrw
RAM              0x0000000020000000 0x0000000000020000 xrw
FLASH            0x0000000008000000 0x0000000000100000 xr
*default*        0x0000000000000000 0xffffffffffffffff

Linker script and memory map

LOAD c:/st/stm32cubeide_1.2.0/stm32cubeide/plugins/com.st.stm32cube.ide.mcu.externaltools.gnu-tools-for-stm32.7-2018-q2-update.win32_1.4.0.202007081208/tools/bin/../lib/gcc/arm-none-eabi/7.3.1/thumb/v7e-m/fpv4-sp/hard/crti.o
LOAD c:/st/stm32cubeide_1.2.0/stm32cubeide/plugins/com.st.stm32cube.ide.mcu.externaltools.gnu-tools-for-stm32.7-2018-q2-update.win32_1.4.0.202007081208/tools/bin/../lib/gcc/arm-none-eabi/7.3.1/thumb/v7e-m/fpv4-sp/hard/crtbegin.o
LOAD c:/st/stm32cubeide_1.2.0/stm32cubeide/plugins/com.st.stm32cube.ide.mcu.externaltools.gnu-tools-for-stm32.7-2018-q2-update.win32_1.4.0.202007081208/tools/bin/../lib/gcc/arm-none-eabi/7.3.1/../../../../arm-none-eabi/lib/thumb/v7e-m/fpv4-sp/hard/crt0.o
LOAD Core/Src/freertos.o
LOAD Core/Src/gpio.o
LOAD Core/Src/i2c.o
LOAD Core/Src/i2s.o
LOAD Core/Src/main.o
LOAD Core/Src/spi.o
LOAD Core/Src/stm32f4xx_hal_msp.o
LOAD Core/Src/stm32f4xx_hal_timebase_tim.o
LOAD Core/Src/stm32f4xx_it.o
LOAD Core/Src/syscalls.o
LOAD Core/Src/sysmem.o
LOAD Core/Src/system_stm32f4xx.o
LOAD Core/Src/usart.o
LOAD Core/Startup/startup_stm32f407vgtx.o
LOAD Drivers/STM32F4xx_HAL_Driver/stm32f4xx_hal.o
LOAD Drivers/STM32F4xx_HAL_Driver/stm32f4xx_hal_cortex.o
LOAD Drivers/STM32F4xx_HAL_Driver/stm32f4xx_hal_dma.o
LOAD Drivers/STM32F4xx_HAL_Driver/stm32f4xx_hal_dma_ex.o
LOAD Drivers/STM32F4xx_HAL_Driver/stm32f4xx_hal_exti.o
LOAD Drivers/STM32F4xx_HAL_Driver/stm32f4xx_hal_flash.o
LOAD Drivers/STM32F4xx_HAL_Driver/stm32f4xx_hal_flash_ex.o
LOAD Drivers/STM32F4xx_HAL_Driver/stm32f4xx_hal_flash_ramfunc.o
LOAD Drivers/STM32F4xx_HAL_Driver/stm32f4xx_hal_gpio.o
LOAD Drivers/STM32F4xx_HAL_Driver/stm32f4xx_hal_i2c.o
LOAD Drivers/STM32F4xx_HAL_Driver/stm32f4xx_hal_i2c_ex.o
LOAD Drivers/STM32F4xx_HAL_Driver/stm32f4xx_hal_i2s.o
LOAD Drivers/STM32F4xx_HAL_Driver/stm32f4xx_hal_i2s_ex.o
LOAD Drivers/STM32F4xx_HAL_Driver/stm32f4xx_hal_pwr.o
LOAD Drivers/STM32F4xx_HAL_Driver/stm32f4xx_hal_pwr_ex.o
LOAD Drivers/STM32F4xx_HAL_Driver/stm32f4xx_hal_rcc.o
LOAD Drivers/STM32F4xx_HAL_Driver/stm32f4xx_hal_rcc_ex.o
LOAD Drivers/STM32F4xx_HAL_Driver/stm32f4xx_hal_spi.o
LOAD Drivers/STM32F4xx_HAL_Driver/stm32f4xx_hal_tim.o
LOAD Drivers/STM32F4xx_HAL_Driver/stm32f4xx_hal_tim_ex.o
LOAD Drivers/STM32F4xx_HAL_Driver/stm32f4xx_ll_dma.o
LOAD Drivers/STM32F4xx_HAL_Driver/stm32f4xx_ll_exti.o
LOAD Drivers/STM32F4xx_HAL_Driver/stm32f4xx_ll_gpio.o
LOAD Drivers/STM32F4xx_HAL_Driver/stm32f4xx_ll_rcc.o
LOAD Drivers/STM32F4xx_HAL_Driver/stm32f4xx_ll_usart.o
LOAD Drivers/STM32F4xx_HAL_Driver/stm32f4xx_ll_utils.o
LOAD Middlewares/FreeRTOS/cmsis_os2.o
LOAD Middlewares/FreeRTOS/croutine.o
LOAD Middlewares/FreeRTOS/event_groups.o
LOAD Middlewares/FreeRTOS/heap_4.o
LOAD Middlewares/FreeRTOS/list.o
LOAD Middlewares/FreeRTOS/port.o
LOAD Middlewares/FreeRTOS/queue.o
LOAD Middlewares/FreeRTOS/stream_buffer.o
LOAD Middlewares/FreeRTOS/tasks.o
LOAD Middlewares/FreeRTOS/timers.o
START GROUP
LOAD c:/st/stm32cubeide_1.2.0/stm32cubeide/plugins/com.st.stm32cube.ide.mcu.externaltools.gnu-tools-for-stm32.7-2018-q2-update.win32_1.4.0.202007081208/tools/bin/../lib/gcc/arm-none-eabi/7.3.1/../../../../arm-none-eabi/lib/thumb/v7e-m/fpv4-sp/hard\libc_nano.a
LOAD c:/st/stm32cubeide_1.2.0/stm32cubeide/plugins/com.st.stm32cube.ide.mcu.externaltools.gnu-tools-for-stm32.7-2018-q2-update.win32_1.4.0.202007081208/tools/bin/../lib/gcc/arm-none-eabi/7.3.1/../../../../arm-none-eabi/lib/thumb/v7e-m/fpv4-sp/hard\libm.a
END GROUP
START GROUP
LOAD c:/st/stm32cubeide_1.2.0/stm32cubeide/plugins/com.st.stm32cube.ide.mcu.externaltools.gnu-tools-for-stm32.7-2018-q2-update.win32_1.4.0.202007081208/tools/bin/../lib/gcc/arm-none-eabi/7.3.1/thumb/v7e-m/fpv4-sp/hard\libgcc.a
LOAD c:/st/stm32cubeide_1.2.0/stm32cubeide/plugins/com.st.stm32cube.ide.mcu.externaltools.gnu-tools-for-stm32.7-2018-q2-update.win32_1.4.0.202007081208/tools/bin/../lib/gcc/arm-none-eabi/7.3.1/../../../../arm-none-eabi/lib/thumb/v7e-m/fpv4-sp/hard\libc_nano.a
END GROUP
START GROUP
LOAD c:/st/stm32cubeide_1.2.0/stm32cubeide/plugins/com.st.stm32cube.ide.mcu.externaltools.gnu-tools-for-stm32.7-2018-q2-update.win32_1.4.0.202007081208/tools/bin/../lib/gcc/arm-none-eabi/7.3.1/thumb/v7e-m/fpv4-sp/hard\libgcc.a
LOAD c:/st/stm32cubeide_1.2.0/stm32cubeide/plugins/com.st.stm32cube.ide.mcu.externaltools.gnu-tools-for-stm32.7-2018-q2-update.win32_1.4.0.202007081208/tools/bin/../lib/gcc/arm-none-eabi/7.3.1/../../../../arm-none-eabi/lib/thumb/v7e-m/fpv4-sp/hard\libc_nano.a
LOAD c:/st/stm32cubeide_1.2.0/stm32cubeide/plugins/com.st.stm32cube.ide.mcu.externaltools.gnu-tools-for-stm32.7-2018-q2-update.win32_1.4.0.202007081208/tools/bin/../lib/gcc/arm-none-eabi/7.3.1/../../../../arm-none-eabi/lib/thumb/v7e-m/fpv4-sp/hard\libnosys.a
END GROUP
START GROUP
LOAD c:/st/stm32cubeide_1.2.0/stm32cubeide/plugins/com.st.stm32cube.ide.mcu.externaltools.gnu-tools-for-stm32.7-2018-q2-update.win32_1.4.0.202007081208/tools/bin/../lib/gcc/arm-none-eabi/7.3.1/thumb/v7e-m/fpv4-sp/hard\libgcc.a
LOAD c:/st/stm32cubeide_1.2.0/stm32cubeide/plugins/com.st.stm32cube.ide.mcu.externaltools.gnu-tools-for-stm32.7-2018-q2-update.win32_1.4.0.202007081208/tools/bin/../lib/gcc/arm-none-eabi/7.3.1/../../../../arm-none-eabi/lib/thumb/v7e-m/fpv4-sp/hard\libc_nano.a
LOAD c:/st/stm32cubeide_1.2.0/stm32cubeide/plugins/com.st.stm32cube.ide.mcu.externaltools.gnu-tools-for-stm32.7-2018-q2-update.win32_1.4.0.202007081208/tools/bin/../lib/gcc/arm-none-eabi/7.3.1/../../../../arm-none-eabi/lib/thumb/v7e-m/fpv4-sp/hard\libnosys.a
END GROUP
LOAD c:/st/stm32cubeide_1.2.0/stm32cubeide/plugins/com.st.stm32cube.ide.mcu.externaltools.gnu-tools-for-stm32.7-2018-q2-update.win32_1.4.0.202007081208/tools/bin/../lib/gcc/arm-none-eabi/7.3.1/thumb/v7e-m/fpv4-sp/hard/crtend.o
LOAD c:/st/stm32cubeide_1.2.0/stm32cubeide/plugins/com.st.stm32cube.ide.mcu.externaltools.gnu-tools-for-stm32.7-2018-q2-update.win32_1.4.0.202007081208/tools/bin/../lib/gcc/arm-none-eabi/7.3.1/thumb/v7e-m/fpv4-sp/hard/crtn.o
                0x0000000020020000                _estack = (ORIGIN (RAM) + LENGTH (RAM))
                0x0000000000000200                _Min_Heap_Size = 0x200
                0x0000000000000400                _Min_Stack_Size = 0x400

.isr_vector     0x0000000008000000      0x188
                0x0000000008000000                . = ALIGN (0x4)
 *(.isr_vector)
 .isr_vector    0x0000000008000000      0x188 Core/Startup/startup_stm32f407vgtx.o
                0x0000000008000000                g_pfnVectors
                0x0000000008000188                . = ALIGN (0x4)

.text           0x0000000008000190     0x81c0
                0x0000000008000190                . = ALIGN (0x4)
 *(.text)
 .text          0x0000000008000190       0x40 c:/st/stm32cubeide_1.2.0/stm32cubeide/plugins/com.st.stm32cube.ide.mcu.externaltools.gnu-tools-for-stm32.7-2018-q2-update.win32_1.4.0.202007081208/tools/bin/../lib/gcc/arm-none-eabi/7.3.1/thumb/v7e-m/fpv4-sp/hard/crtbegin.o
 .text          0x00000000080001d0       0x30 c:/st/stm32cubeide_1.2.0/stm32cubeide/plugins/com.st.stm32cube.ide.mcu.externaltools.gnu-tools-for-stm32.7-2018-q2-update.win32_1.4.0.202007081208/tools/bin/../lib/gcc/arm-none-eabi/7.3.1/thumb/v7e-m/fpv4-sp/hard\libgcc.a(_aeabi_uldivmod.o)
                0x00000000080001d0                __aeabi_uldivmod
 .text          0x0000000008000200      0x2cc c:/st/stm32cubeide_1.2.0/stm32cubeide/plugins/com.st.stm32cube.ide.mcu.externaltools.gnu-tools-for-stm32.7-2018-q2-update.win32_1.4.0.202007081208/tools/bin/../lib/gcc/arm-none-eabi/7.3.1/thumb/v7e-m/fpv4-sp/hard\libgcc.a(_udivmoddi4.o)
                0x0000000008000200                __udivmoddi4
 .text          0x00000000080004cc        0x4 c:/st/stm32cubeide_1.2.0/stm32cubeide/plugins/com.st.stm32cube.ide.mcu.externaltools.gnu-tools-for-stm32.7-2018-q2-update.win32_1.4.0.202007081208/tools/bin/../lib/gcc/arm-none-eabi/7.3.1/thumb/v7e-m/fpv4-sp/hard\libgcc.a(_dvmd_tls.o)
                0x00000000080004cc                __aeabi_idiv0
                0x00000000080004cc                __aeabi_ldiv0
 *(.text*)
 .text.LL_USART_IsActiveFlag_RXNE
                0x00000000080004d0       0x26 Core/Src/freertos.o
 .text.LL_USART_IsEnabledIT_RXNE
                0x00000000080004f6       0x26 Core/Src/freertos.o
 .text.LL_USART_ReceiveData8
                0x000000000800051c       0x1a Core/Src/freertos.o
 *fill*         0x0000000008000536        0x2 
 .text.MX_FREERTOS_Init
                0x0000000008000538       0x9c Core/Src/freertos.o
                0x0000000008000538                MX_FREERTOS_Init
 .text.StartDefaultTask
                0x00000000080005d4       0x54 Core/Src/freertos.o
                0x00000000080005d4                StartDefaultTask
 .text.Green_LED_task
                0x0000000008000628       0x10 Core/Src/freertos.o
                0x0000000008000628                Green_LED_task
 .text.Red_LED_task
                0x0000000008000638       0xc8 Core/Src/freertos.o
                0x0000000008000638                Red_LED_task
 .text.USART2_IRQHandler
                0x0000000008000700       0x48 Core/Src/freertos.o
                0x0000000008000700                USART2_IRQHandler
 .text.MX_GPIO_Init
                0x0000000008000748      0x24c Core/Src/gpio.o
                0x0000000008000748                MX_GPIO_Init
 .text.MX_I2C1_Init
                0x0000000008000994       0x5c Core/Src/i2c.o
                0x0000000008000994                MX_I2C1_Init
 .text.HAL_I2C_MspInit
                0x00000000080009f0       0x90 Core/Src/i2c.o
                0x00000000080009f0                HAL_I2C_MspInit
 .text.MX_I2S3_Init
                0x0000000008000a80       0x60 Core/Src/i2s.o
                0x0000000008000a80                MX_I2S3_Init
 .text.HAL_I2S_MspInit
                0x0000000008000ae0       0xd0 Core/Src/i2s.o
                0x0000000008000ae0                HAL_I2S_MspInit
 .text.LL_USART_EnableIT_RXNE
                0x0000000008000bb0       0x20 Core/Src/main.o
 .text.main     0x0000000008000bd0       0x44 Core/Src/main.o
                0x0000000008000bd0                main
 .text.SystemClock_Config
                0x0000000008000c14      0x104 Core/Src/main.o
                0x0000000008000c14                SystemClock_Config
 .text.HAL_TIM_PeriodElapsedCallback
                0x0000000008000d18       0x24 Core/Src/main.o
                0x0000000008000d18                HAL_TIM_PeriodElapsedCallback
 .text.Error_Handler
                0x0000000008000d3c        0xe Core/Src/main.o
                0x0000000008000d3c                Error_Handler
 *fill*         0x0000000008000d4a        0x2 
 .text.MX_SPI1_Init
                0x0000000008000d4c       0x6c Core/Src/spi.o
                0x0000000008000d4c                MX_SPI1_Init
 .text.HAL_SPI_MspInit
                0x0000000008000db8       0x90 Core/Src/spi.o
                0x0000000008000db8                HAL_SPI_MspInit
 .text.HAL_MspInit
                0x0000000008000e48       0x58 Core/Src/stm32f4xx_hal_msp.o
                0x0000000008000e48                HAL_MspInit
 .text.HAL_InitTick
                0x0000000008000ea0       0xb4 Core/Src/stm32f4xx_hal_timebase_tim.o
                0x0000000008000ea0                HAL_InitTick
 .text.NMI_Handler
                0x0000000008000f54        0xe Core/Src/stm32f4xx_it.o
                0x0000000008000f54                NMI_Handler
 .text.HardFault_Handler
                0x0000000008000f62        0x6 Core/Src/stm32f4xx_it.o
                0x0000000008000f62                HardFault_Handler
 .text.MemManage_Handler
                0x0000000008000f68        0x6 Core/Src/stm32f4xx_it.o
                0x0000000008000f68                MemManage_Handler
 .text.BusFault_Handler
                0x0000000008000f6e        0x6 Core/Src/stm32f4xx_it.o
                0x0000000008000f6e                BusFault_Handler
 .text.UsageFault_Handler
                0x0000000008000f74        0x6 Core/Src/stm32f4xx_it.o
                0x0000000008000f74                UsageFault_Handler
 .text.DebugMon_Handler
                0x0000000008000f7a        0xe Core/Src/stm32f4xx_it.o
                0x0000000008000f7a                DebugMon_Handler
 .text.EXTI0_IRQHandler
                0x0000000008000f88        0xe Core/Src/stm32f4xx_it.o
                0x0000000008000f88                EXTI0_IRQHandler
 *fill*         0x0000000008000f96        0x2 
 .text.TIM8_TRG_COM_TIM14_IRQHandler
                0x0000000008000f98       0x14 Core/Src/stm32f4xx_it.o
                0x0000000008000f98                TIM8_TRG_COM_TIM14_IRQHandler
 .text._read    0x0000000008000fac       0x3a Core/Src/syscalls.o
                0x0000000008000fac                _read
 .text._close   0x0000000008000fe6       0x18 Core/Src/syscalls.o
                0x0000000008000fe6                _close
 .text._fstat   0x0000000008000ffe       0x20 Core/Src/syscalls.o
                0x0000000008000ffe                _fstat
 .text._isatty  0x000000000800101e       0x16 Core/Src/syscalls.o
                0x000000000800101e                _isatty
 .text._lseek   0x0000000008001034       0x1a Core/Src/syscalls.o
                0x0000000008001034                _lseek
 *fill*         0x000000000800104e        0x2 
 .text._sbrk    0x0000000008001050       0x58 Core/Src/sysmem.o
                0x0000000008001050                _sbrk
 .text.SystemInit
                0x00000000080010a8       0x2c Core/Src/system_stm32f4xx.o
                0x00000000080010a8                SystemInit
 .text.__NVIC_GetPriorityGrouping
                0x00000000080010d4       0x1c Core/Src/usart.o
 .text.__NVIC_EnableIRQ
                0x00000000080010f0       0x3c Core/Src/usart.o
 .text.__NVIC_SetPriority
                0x000000000800112c       0x54 Core/Src/usart.o
 .text.NVIC_EncodePriority
                0x0000000008001180       0x66 Core/Src/usart.o
 .text.LL_USART_Enable
                0x00000000080011e6       0x20 Core/Src/usart.o
 .text.LL_USART_ConfigAsyncMode
                0x0000000008001206       0x2c Core/Src/usart.o
 .text.LL_USART_IsActiveFlag_TXE
                0x0000000008001232       0x26 Core/Src/usart.o
 .text.LL_USART_TransmitData8
                0x0000000008001258       0x1e Core/Src/usart.o
 *fill*         0x0000000008001276        0x2 
 .text.LL_AHB1_GRP1_EnableClock
                0x0000000008001278       0x30 Core/Src/usart.o
 .text.LL_APB1_GRP1_EnableClock
                0x00000000080012a8       0x30 Core/Src/usart.o
 .text.__io_putchar
                0x00000000080012d8       0x34 Core/Src/usart.o
                0x00000000080012d8                __io_putchar
 .text._write   0x000000000800130c       0x38 Core/Src/usart.o
                0x000000000800130c                _write
 .text.MX_USART2_UART_Init
                0x0000000008001344       0xc0 Core/Src/usart.o
                0x0000000008001344                MX_USART2_UART_Init
 .text.Reset_Handler
                0x0000000008001404       0x50 Core/Startup/startup_stm32f407vgtx.o
                0x0000000008001404                Reset_Handler
 .text.Default_Handler
                0x0000000008001454        0x2 Core/Startup/startup_stm32f407vgtx.o
                0x0000000008001454                RTC_Alarm_IRQHandler
                0x0000000008001454                HASH_RNG_IRQHandler
                0x0000000008001454                EXTI2_IRQHandler
                0x0000000008001454                TIM8_CC_IRQHandler
                0x0000000008001454                TIM1_CC_IRQHandler
                0x0000000008001454                DMA2_Stream5_IRQHandler
                0x0000000008001454                DMA1_Stream5_IRQHandler
                0x0000000008001454                PVD_IRQHandler
                0x0000000008001454                SDIO_IRQHandler
                0x0000000008001454                TAMP_STAMP_IRQHandler
                0x0000000008001454                CAN2_RX1_IRQHandler
                0x0000000008001454                EXTI3_IRQHandler
                0x0000000008001454                TIM1_UP_TIM10_IRQHandler
                0x0000000008001454                TIM8_UP_TIM13_IRQHandler
                0x0000000008001454                I2C3_ER_IRQHandler
                0x0000000008001454                I2C2_EV_IRQHandler
                0x0000000008001454                DMA1_Stream2_IRQHandler
                0x0000000008001454                CAN1_RX0_IRQHandler
                0x0000000008001454                FPU_IRQHandler
                0x0000000008001454                OTG_HS_WKUP_IRQHandler
                0x0000000008001454                CAN2_SCE_IRQHandler
                0x0000000008001454                DMA2_Stream2_IRQHandler
                0x0000000008001454                SPI1_IRQHandler
                0x0000000008001454                TIM6_DAC_IRQHandler
                0x0000000008001454                TIM1_BRK_TIM9_IRQHandler
                0x0000000008001454                DCMI_IRQHandler
                0x0000000008001454                CAN2_RX0_IRQHandler
                0x0000000008001454                DMA2_Stream3_IRQHandler
                0x0000000008001454                USART6_IRQHandler
                0x0000000008001454                USART3_IRQHandler
                0x0000000008001454                CAN1_RX1_IRQHandler
                0x0000000008001454                UART5_IRQHandler
                0x0000000008001454                DMA2_Stream0_IRQHandler
                0x0000000008001454                TIM4_IRQHandler
                0x0000000008001454                I2C1_EV_IRQHandler
                0x0000000008001454                DMA1_Stream6_IRQHandler
                0x0000000008001454                DMA1_Stream1_IRQHandler
                0x0000000008001454                UART4_IRQHandler
                0x0000000008001454                TIM3_IRQHandler
                0x0000000008001454                RCC_IRQHandler
                0x0000000008001454                TIM8_BRK_TIM12_IRQHandler
                0x0000000008001454                Default_Handler
                0x0000000008001454                EXTI15_10_IRQHandler
                0x0000000008001454                ADC_IRQHandler
                0x0000000008001454                DMA1_Stream7_IRQHandler
                0x0000000008001454                TIM7_IRQHandler
                0x0000000008001454                CAN2_TX_IRQHandler
                0x0000000008001454                TIM5_IRQHandler
                0x0000000008001454                DMA2_Stream7_IRQHandler
                0x0000000008001454                I2C3_EV_IRQHandler
                0x0000000008001454                EXTI9_5_IRQHandler
                0x0000000008001454                RTC_WKUP_IRQHandler
                0x0000000008001454                ETH_WKUP_IRQHandler
                0x0000000008001454                SPI2_IRQHandler
                0x0000000008001454                OTG_HS_EP1_IN_IRQHandler
                0x0000000008001454                DMA1_Stream0_IRQHandler
                0x0000000008001454                CAN1_TX_IRQHandler
                0x0000000008001454                EXTI4_IRQHandler
                0x0000000008001454                FSMC_IRQHandler
                0x0000000008001454                ETH_IRQHandler
                0x0000000008001454                OTG_HS_EP1_OUT_IRQHandler
                0x0000000008001454                WWDG_IRQHandler
                0x0000000008001454                TIM2_IRQHandler
                0x0000000008001454                OTG_FS_WKUP_IRQHandler
                0x0000000008001454                TIM1_TRG_COM_TIM11_IRQHandler
                0x0000000008001454                OTG_HS_IRQHandler
                0x0000000008001454                EXTI1_IRQHandler
                0x0000000008001454                I2C2_ER_IRQHandler
                0x0000000008001454                DMA2_Stream1_IRQHandler
                0x0000000008001454                CAN1_SCE_IRQHandler
                0x0000000008001454                FLASH_IRQHandler
                0x0000000008001454                DMA2_Stream4_IRQHandler
                0x0000000008001454                USART1_IRQHandler
                0x0000000008001454                OTG_FS_IRQHandler
                0x0000000008001454                SPI3_IRQHandler
                0x0000000008001454                DMA1_Stream4_IRQHandler
                0x0000000008001454                I2C1_ER_IRQHandler
                0x0000000008001454                DMA2_Stream6_IRQHandler
                0x0000000008001454                DMA1_Stream3_IRQHandler
 *fill*         0x0000000008001456        0x2 
 .text.HAL_Init
                0x0000000008001458       0x44 Drivers/STM32F4xx_HAL_Driver/stm32f4xx_hal.o
                0x0000000008001458                HAL_Init
 .text.HAL_IncTick
                0x000000000800149c       0x28 Drivers/STM32F4xx_HAL_Driver/stm32f4xx_hal.o
                0x000000000800149c                HAL_IncTick
 .text.HAL_GetTick
                0x00000000080014c4       0x18 Drivers/STM32F4xx_HAL_Driver/stm32f4xx_hal.o
                0x00000000080014c4                HAL_GetTick
 .text.__NVIC_SetPriorityGrouping
                0x00000000080014dc       0x48 Drivers/STM32F4xx_HAL_Driver/stm32f4xx_hal_cortex.o
 .text.__NVIC_GetPriorityGrouping
                0x0000000008001524       0x1c Drivers/STM32F4xx_HAL_Driver/stm32f4xx_hal_cortex.o
 .text.__NVIC_EnableIRQ
                0x0000000008001540       0x3c Drivers/STM32F4xx_HAL_Driver/stm32f4xx_hal_cortex.o
 .text.__NVIC_SetPriority
                0x000000000800157c       0x54 Drivers/STM32F4xx_HAL_Driver/stm32f4xx_hal_cortex.o
 .text.NVIC_EncodePriority
                0x00000000080015d0       0x66 Drivers/STM32F4xx_HAL_Driver/stm32f4xx_hal_cortex.o
 .text.HAL_NVIC_SetPriorityGrouping
                0x0000000008001636       0x16 Drivers/STM32F4xx_HAL_Driver/stm32f4xx_hal_cortex.o
                0x0000000008001636                HAL_NVIC_SetPriorityGrouping
 .text.HAL_NVIC_SetPriority
                0x000000000800164c       0x38 Drivers/STM32F4xx_HAL_Driver/stm32f4xx_hal_cortex.o
                0x000000000800164c                HAL_NVIC_SetPriority
 .text.HAL_NVIC_EnableIRQ
                0x0000000008001684       0x1c Drivers/STM32F4xx_HAL_Driver/stm32f4xx_hal_cortex.o
                0x0000000008001684                HAL_NVIC_EnableIRQ
 .text.HAL_GPIO_Init
                0x00000000080016a0      0x334 Drivers/STM32F4xx_HAL_Driver/stm32f4xx_hal_gpio.o
                0x00000000080016a0                HAL_GPIO_Init
 .text.HAL_GPIO_WritePin
                0x00000000080019d4       0x32 Drivers/STM32F4xx_HAL_Driver/stm32f4xx_hal_gpio.o
                0x00000000080019d4                HAL_GPIO_WritePin
 *fill*         0x0000000008001a06        0x2 
 .text.HAL_GPIO_EXTI_IRQHandler
                0x0000000008001a08       0x30 Drivers/STM32F4xx_HAL_Driver/stm32f4xx_hal_gpio.o
                0x0000000008001a08                HAL_GPIO_EXTI_IRQHandler
 .text.HAL_GPIO_EXTI_Callback
                0x0000000008001a38       0x16 Drivers/STM32F4xx_HAL_Driver/stm32f4xx_hal_gpio.o
                0x0000000008001a38                HAL_GPIO_EXTI_Callback
 *fill*         0x0000000008001a4e        0x2 
 .text.HAL_I2C_Init
                0x0000000008001a50      0x270 Drivers/STM32F4xx_HAL_Driver/stm32f4xx_hal_i2c.o
                0x0000000008001a50                HAL_I2C_Init
 .text.HAL_I2S_Init
                0x0000000008001cc0      0x280 Drivers/STM32F4xx_HAL_Driver/stm32f4xx_hal_i2s.o
                0x0000000008001cc0                HAL_I2S_Init
 .text.HAL_I2S_TxCpltCallback
                0x0000000008001f40       0x14 Drivers/STM32F4xx_HAL_Driver/stm32f4xx_hal_i2s.o
                0x0000000008001f40                HAL_I2S_TxCpltCallback
 .text.HAL_I2S_RxCpltCallback
                0x0000000008001f54       0x14 Drivers/STM32F4xx_HAL_Driver/stm32f4xx_hal_i2s.o
                0x0000000008001f54                HAL_I2S_RxCpltCallback
 .text.HAL_I2S_ErrorCallback
                0x0000000008001f68       0x14 Drivers/STM32F4xx_HAL_Driver/stm32f4xx_hal_i2s.o
                0x0000000008001f68                HAL_I2S_ErrorCallback
 .text.I2S_Transmit_IT
                0x0000000008001f7c       0x5c Drivers/STM32F4xx_HAL_Driver/stm32f4xx_hal_i2s.o
 .text.I2S_Receive_IT
                0x0000000008001fd8       0x5e Drivers/STM32F4xx_HAL_Driver/stm32f4xx_hal_i2s.o
 .text.I2S_IRQHandler
                0x0000000008002036      0x114 Drivers/STM32F4xx_HAL_Driver/stm32f4xx_hal_i2s.o
 *fill*         0x000000000800214a        0x2 
 .text.HAL_I2SEx_FullDuplex_IRQHandler
                0x000000000800214c      0x2a8 Drivers/STM32F4xx_HAL_Driver/stm32f4xx_hal_i2s_ex.o
                0x000000000800214c                HAL_I2SEx_FullDuplex_IRQHandler
 .text.HAL_I2SEx_TxRxCpltCallback
                0x00000000080023f4       0x14 Drivers/STM32F4xx_HAL_Driver/stm32f4xx_hal_i2s_ex.o
                0x00000000080023f4                HAL_I2SEx_TxRxCpltCallback
 .text.I2SEx_TxISR_I2S
                0x0000000008002408       0x62 Drivers/STM32F4xx_HAL_Driver/stm32f4xx_hal_i2s_ex.o
 *fill*         0x000000000800246a        0x2 
 .text.I2SEx_TxISR_I2SExt
                0x000000000800246c       0x98 Drivers/STM32F4xx_HAL_Driver/stm32f4xx_hal_i2s_ex.o
 .text.I2SEx_RxISR_I2S
                0x0000000008002504       0x64 Drivers/STM32F4xx_HAL_Driver/stm32f4xx_hal_i2s_ex.o
 .text.I2SEx_RxISR_I2SExt
                0x0000000008002568       0x98 Drivers/STM32F4xx_HAL_Driver/stm32f4xx_hal_i2s_ex.o
 .text.HAL_RCC_OscConfig
                0x0000000008002600      0x4e0 Drivers/STM32F4xx_HAL_Driver/stm32f4xx_hal_rcc.o
                0x0000000008002600                HAL_RCC_OscConfig
 .text.HAL_RCC_ClockConfig
                0x0000000008002ae0      0x1cc Drivers/STM32F4xx_HAL_Driver/stm32f4xx_hal_rcc.o
                0x0000000008002ae0                HAL_RCC_ClockConfig
 .text.HAL_RCC_GetSysClockFreq
                0x0000000008002cac      0x1b0 Drivers/STM32F4xx_HAL_Driver/stm32f4xx_hal_rcc.o
                0x0000000008002cac                HAL_RCC_GetSysClockFreq
 .text.HAL_RCC_GetHCLKFreq
                0x0000000008002e5c       0x18 Drivers/STM32F4xx_HAL_Driver/stm32f4xx_hal_rcc.o
                0x0000000008002e5c                HAL_RCC_GetHCLKFreq
 .text.HAL_RCC_GetPCLK1Freq
                0x0000000008002e74       0x28 Drivers/STM32F4xx_HAL_Driver/stm32f4xx_hal_rcc.o
                0x0000000008002e74                HAL_RCC_GetPCLK1Freq
 .text.HAL_RCC_GetClockConfig
                0x0000000008002e9c       0x64 Drivers/STM32F4xx_HAL_Driver/stm32f4xx_hal_rcc.o
                0x0000000008002e9c                HAL_RCC_GetClockConfig
 .text.HAL_RCCEx_PeriphCLKConfig
                0x0000000008002f00      0x1c4 Drivers/STM32F4xx_HAL_Driver/stm32f4xx_hal_rcc_ex.o
                0x0000000008002f00                HAL_RCCEx_PeriphCLKConfig
 .text.HAL_RCCEx_GetPeriphCLKFreq
                0x00000000080030c4       0xb8 Drivers/STM32F4xx_HAL_Driver/stm32f4xx_hal_rcc_ex.o
                0x00000000080030c4                HAL_RCCEx_GetPeriphCLKFreq
 .text.HAL_SPI_Init
                0x000000000800317c       0xc8 Drivers/STM32F4xx_HAL_Driver/stm32f4xx_hal_spi.o
                0x000000000800317c                HAL_SPI_Init
 .text.HAL_TIM_Base_Init
                0x0000000008003244       0x56 Drivers/STM32F4xx_HAL_Driver/stm32f4xx_hal_tim.o
                0x0000000008003244                HAL_TIM_Base_Init
 .text.HAL_TIM_Base_MspInit
                0x000000000800329a       0x14 Drivers/STM32F4xx_HAL_Driver/stm32f4xx_hal_tim.o
                0x000000000800329a                HAL_TIM_Base_MspInit
 .text.HAL_TIM_Base_Start_IT
                0x00000000080032ae       0x48 Drivers/STM32F4xx_HAL_Driver/stm32f4xx_hal_tim.o
                0x00000000080032ae                HAL_TIM_Base_Start_IT
 .text.HAL_TIM_IRQHandler
                0x00000000080032f6      0x210 Drivers/STM32F4xx_HAL_Driver/stm32f4xx_hal_tim.o
                0x00000000080032f6                HAL_TIM_IRQHandler
 .text.HAL_TIM_OC_DelayElapsedCallback
                0x0000000008003506       0x14 Drivers/STM32F4xx_HAL_Driver/stm32f4xx_hal_tim.o
                0x0000000008003506                HAL_TIM_OC_DelayElapsedCallback
 .text.HAL_TIM_IC_CaptureCallback
                0x000000000800351a       0x14 Drivers/STM32F4xx_HAL_Driver/stm32f4xx_hal_tim.o
                0x000000000800351a                HAL_TIM_IC_CaptureCallback
 .text.HAL_TIM_PWM_PulseFinishedCallback
                0x000000000800352e       0x14 Drivers/STM32F4xx_HAL_Driver/stm32f4xx_hal_tim.o
                0x000000000800352e                HAL_TIM_PWM_PulseFinishedCallback
 .text.HAL_TIM_TriggerCallback
                0x0000000008003542       0x14 Drivers/STM32F4xx_HAL_Driver/stm32f4xx_hal_tim.o
                0x0000000008003542                HAL_TIM_TriggerCallback
 *fill*         0x0000000008003556        0x2 
 .text.TIM_Base_SetConfig
                0x0000000008003558      0x140 Drivers/STM32F4xx_HAL_Driver/stm32f4xx_hal_tim.o
                0x0000000008003558                TIM_Base_SetConfig
 .text.HAL_TIMEx_CommutCallback
                0x0000000008003698       0x14 Drivers/STM32F4xx_HAL_Driver/stm32f4xx_hal_tim_ex.o
                0x0000000008003698                HAL_TIMEx_CommutCallback
 .text.HAL_TIMEx_BreakCallback
                0x00000000080036ac       0x14 Drivers/STM32F4xx_HAL_Driver/stm32f4xx_hal_tim_ex.o
                0x00000000080036ac                HAL_TIMEx_BreakCallback
 .text.LL_GPIO_SetPinMode
                0x00000000080036c0       0x5e Drivers/STM32F4xx_HAL_Driver/stm32f4xx_ll_gpio.o
 .text.LL_GPIO_SetPinOutputType
                0x000000000800371e       0x5a Drivers/STM32F4xx_HAL_Driver/stm32f4xx_ll_gpio.o
 .text.LL_GPIO_SetPinSpeed
                0x0000000008003778       0x5e Drivers/STM32F4xx_HAL_Driver/stm32f4xx_ll_gpio.o
 .text.LL_GPIO_SetPinPull
                0x00000000080037d6       0x5e Drivers/STM32F4xx_HAL_Driver/stm32f4xx_ll_gpio.o
 .text.LL_GPIO_SetAFPin_0_7
                0x0000000008003834       0x5e Drivers/STM32F4xx_HAL_Driver/stm32f4xx_ll_gpio.o
 .text.LL_GPIO_SetAFPin_8_15
                0x0000000008003892       0x62 Drivers/STM32F4xx_HAL_Driver/stm32f4xx_ll_gpio.o
 .text.LL_GPIO_Init
                0x00000000080038f4       0xe6 Drivers/STM32F4xx_HAL_Driver/stm32f4xx_ll_gpio.o
                0x00000000080038f4                LL_GPIO_Init
 *fill*         0x00000000080039da        0x2 
 .text.LL_RCC_GetSysClkSource
                0x00000000080039dc       0x1c Drivers/STM32F4xx_HAL_Driver/stm32f4xx_ll_rcc.o
 .text.LL_RCC_GetAHBPrescaler
                0x00000000080039f8       0x1c Drivers/STM32F4xx_HAL_Driver/stm32f4xx_ll_rcc.o
 .text.LL_RCC_GetAPB1Prescaler
                0x0000000008003a14       0x1c Drivers/STM32F4xx_HAL_Driver/stm32f4xx_ll_rcc.o
 .text.LL_RCC_GetAPB2Prescaler
                0x0000000008003a30       0x1c Drivers/STM32F4xx_HAL_Driver/stm32f4xx_ll_rcc.o
 .text.LL_RCC_PLL_GetMainSource
                0x0000000008003a4c       0x1c Drivers/STM32F4xx_HAL_Driver/stm32f4xx_ll_rcc.o
 .text.LL_RCC_PLL_GetN
                0x0000000008003a68       0x1c Drivers/STM32F4xx_HAL_Driver/stm32f4xx_ll_rcc.o
 .text.LL_RCC_PLL_GetP
                0x0000000008003a84       0x1c Drivers/STM32F4xx_HAL_Driver/stm32f4xx_ll_rcc.o
 .text.LL_RCC_PLL_GetDivider
                0x0000000008003aa0       0x1c Drivers/STM32F4xx_HAL_Driver/stm32f4xx_ll_rcc.o
 .text.LL_RCC_GetSystemClocksFreq
                0x0000000008003abc       0x4a Drivers/STM32F4xx_HAL_Driver/stm32f4xx_ll_rcc.o
                0x0000000008003abc                LL_RCC_GetSystemClocksFreq
 *fill*         0x0000000008003b06        0x2 
 .text.RCC_GetSystemClockFreq
                0x0000000008003b08       0x4c Drivers/STM32F4xx_HAL_Driver/stm32f4xx_ll_rcc.o
                0x0000000008003b08                RCC_GetSystemClockFreq
 .text.RCC_GetHCLKClockFreq
                0x0000000008003b54       0x2c Drivers/STM32F4xx_HAL_Driver/stm32f4xx_ll_rcc.o
                0x0000000008003b54                RCC_GetHCLKClockFreq
 .text.RCC_GetPCLK1ClockFreq
                0x0000000008003b80       0x28 Drivers/STM32F4xx_HAL_Driver/stm32f4xx_ll_rcc.o
                0x0000000008003b80                RCC_GetPCLK1ClockFreq
 .text.RCC_GetPCLK2ClockFreq
                0x0000000008003ba8       0x28 Drivers/STM32F4xx_HAL_Driver/stm32f4xx_ll_rcc.o
                0x0000000008003ba8                RCC_GetPCLK2ClockFreq
 .text.RCC_PLL_GetFreqDomain_SYS
                0x0000000008003bd0       0x7c Drivers/STM32F4xx_HAL_Driver/stm32f4xx_ll_rcc.o
                0x0000000008003bd0                RCC_PLL_GetFreqDomain_SYS
 .text.LL_USART_IsEnabled
                0x0000000008003c4c       0x28 Drivers/STM32F4xx_HAL_Driver/stm32f4xx_ll_usart.o
 .text.LL_USART_SetStopBitsLength
                0x0000000008003c74       0x26 Drivers/STM32F4xx_HAL_Driver/stm32f4xx_ll_usart.o
 .text.LL_USART_SetHWFlowCtrl
                0x0000000008003c9a       0x26 Drivers/STM32F4xx_HAL_Driver/stm32f4xx_ll_usart.o
 .text.LL_USART_SetBaudRate
                0x0000000008003cc0      0x350 Drivers/STM32F4xx_HAL_Driver/stm32f4xx_ll_usart.o
 .text.LL_USART_Init
                0x0000000008004010      0x100 Drivers/STM32F4xx_HAL_Driver/stm32f4xx_ll_usart.o
                0x0000000008004010                LL_USART_Init
 .text.osKernelInitialize
                0x0000000008004110       0x68 Middlewares/FreeRTOS/cmsis_os2.o
                0x0000000008004110                osKernelInitialize
 .text.osKernelStart
                0x0000000008004178       0x68 Middlewares/FreeRTOS/cmsis_os2.o
                0x0000000008004178                osKernelStart
 .text.osThreadNew
                0x00000000080041e0      0x158 Middlewares/FreeRTOS/cmsis_os2.o
                0x00000000080041e0                osThreadNew
 .text.osDelay  0x0000000008004338       0x5c Middlewares/FreeRTOS/cmsis_os2.o
                0x0000000008004338                osDelay
 .text.osMutexNew
                0x0000000008004394      0x134 Middlewares/FreeRTOS/cmsis_os2.o
                0x0000000008004394                osMutexNew
 .text.osSemaphoreNew
                0x00000000080044c8      0x13c Middlewares/FreeRTOS/cmsis_os2.o
                0x00000000080044c8                osSemaphoreNew
 .text.osSemaphoreAcquire
                0x0000000008004604       0xcc Middlewares/FreeRTOS/cmsis_os2.o
                0x0000000008004604                osSemaphoreAcquire
 .text.osMessageQueueNew
                0x00000000080046d0      0x10c Middlewares/FreeRTOS/cmsis_os2.o
                0x00000000080046d0                osMessageQueueNew
 .text.osMessageQueuePut
                0x00000000080047dc       0xe8 Middlewares/FreeRTOS/cmsis_os2.o
                0x00000000080047dc                osMessageQueuePut
 .text.osMessageQueueGet
                0x00000000080048c4       0xe4 Middlewares/FreeRTOS/cmsis_os2.o
                0x00000000080048c4                osMessageQueueGet
 .text.vApplicationGetIdleTaskMemory
                0x00000000080049a8       0x34 Middlewares/FreeRTOS/cmsis_os2.o
                0x00000000080049a8                vApplicationGetIdleTaskMemory
 .text.vApplicationGetTimerTaskMemory
                0x00000000080049dc       0x34 Middlewares/FreeRTOS/cmsis_os2.o
                0x00000000080049dc                vApplicationGetTimerTaskMemory
 .text.pvPortMalloc
                0x0000000008004a10      0x184 Middlewares/FreeRTOS/heap_4.o
                0x0000000008004a10                pvPortMalloc
 .text.vPortFree
                0x0000000008004b94       0xb0 Middlewares/FreeRTOS/heap_4.o
                0x0000000008004b94                vPortFree
 .text.prvHeapInit
                0x0000000008004c44       0xc8 Middlewares/FreeRTOS/heap_4.o
 .text.prvInsertBlockIntoFreeList
                0x0000000008004d0c       0xb4 Middlewares/FreeRTOS/heap_4.o
 .text.vListInitialise
                0x0000000008004dc0       0x40 Middlewares/FreeRTOS/list.o
                0x0000000008004dc0                vListInitialise
 .text.vListInitialiseItem
                0x0000000008004e00       0x1a Middlewares/FreeRTOS/list.o
                0x0000000008004e00                vListInitialiseItem
 .text.vListInsertEnd
                0x0000000008004e1a       0x48 Middlewares/FreeRTOS/list.o
                0x0000000008004e1a                vListInsertEnd
 .text.vListInsert
                0x0000000008004e62       0x72 Middlewares/FreeRTOS/list.o
                0x0000000008004e62                vListInsert
 .text.uxListRemove
                0x0000000008004ed4       0x54 Middlewares/FreeRTOS/list.o
                0x0000000008004ed4                uxListRemove
 .text.pxPortInitialiseStack
                0x0000000008004f28       0x68 Middlewares/FreeRTOS/port.o
                0x0000000008004f28                pxPortInitialiseStack
 .text.prvTaskExitError
                0x0000000008004f90       0x54 Middlewares/FreeRTOS/port.o
 *fill*         0x0000000008004fe4        0xc 
 .text.SVC_Handler
                0x0000000008004ff0       0x28 Middlewares/FreeRTOS/port.o
                0x0000000008004ff0                SVC_Handler
 .text.prvPortStartFirstTask
                0x0000000008005018       0x28 Middlewares/FreeRTOS/port.o
 .text.xPortStartScheduler
                0x0000000008005040      0x13c Middlewares/FreeRTOS/port.o
                0x0000000008005040                xPortStartScheduler
 .text.vPortEnterCritical
                0x000000000800517c       0x5c Middlewares/FreeRTOS/port.o
                0x000000000800517c                vPortEnterCritical
 .text.vPortExitCritical
                0x00000000080051d8       0x50 Middlewares/FreeRTOS/port.o
                0x00000000080051d8                vPortExitCritical
 *fill*         0x0000000008005228        0x8 
 .text.PendSV_Handler
                0x0000000008005230       0x68 Middlewares/FreeRTOS/port.o
                0x0000000008005230                PendSV_Handler
 .text.SysTick_Handler
                0x0000000008005298       0x40 Middlewares/FreeRTOS/port.o
                0x0000000008005298                SysTick_Handler
 .text.vPortSetupTimerInterrupt
                0x00000000080052d8       0x48 Middlewares/FreeRTOS/port.o
                0x00000000080052d8                vPortSetupTimerInterrupt
 .text.vPortEnableVFP
                0x0000000008005320       0x14 Middlewares/FreeRTOS/port.o
 .text.vPortValidateInterruptPriority
                0x0000000008005334       0x7c Middlewares/FreeRTOS/port.o
                0x0000000008005334                vPortValidateInterruptPriority
 .text.xQueueGenericReset
                0x00000000080053b0       0xd0 Middlewares/FreeRTOS/queue.o
                0x00000000080053b0                xQueueGenericReset
 .text.xQueueGenericCreateStatic
                0x0000000008005480       0xe4 Middlewares/FreeRTOS/queue.o
                0x0000000008005480                xQueueGenericCreateStatic
 .text.xQueueGenericCreate
                0x0000000008005564       0x7a Middlewares/FreeRTOS/queue.o
                0x0000000008005564                xQueueGenericCreate
 .text.prvInitialiseNewQueue
                0x00000000080055de       0x46 Middlewares/FreeRTOS/queue.o
 .text.prvInitialiseMutex
                0x0000000008005624       0x34 Middlewares/FreeRTOS/queue.o
 .text.xQueueCreateMutex
                0x0000000008005658       0x30 Middlewares/FreeRTOS/queue.o
                0x0000000008005658                xQueueCreateMutex
 .text.xQueueCreateMutexStatic
                0x0000000008005688       0x36 Middlewares/FreeRTOS/queue.o
                0x0000000008005688                xQueueCreateMutexStatic
 .text.xQueueCreateCountingSemaphoreStatic
                0x00000000080056be       0x6a Middlewares/FreeRTOS/queue.o
                0x00000000080056be                xQueueCreateCountingSemaphoreStatic
 .text.xQueueCreateCountingSemaphore
                0x0000000008005728       0x62 Middlewares/FreeRTOS/queue.o
                0x0000000008005728                xQueueCreateCountingSemaphore
 *fill*         0x000000000800578a        0x2 
 .text.xQueueGenericSend
                0x000000000800578c      0x1f4 Middlewares/FreeRTOS/queue.o
                0x000000000800578c                xQueueGenericSend
 .text.xQueueGenericSendFromISR
                0x0000000008005980      0x128 Middlewares/FreeRTOS/queue.o
                0x0000000008005980                xQueueGenericSendFromISR
 .text.xQueueReceive
                0x0000000008005aa8      0x1b8 Middlewares/FreeRTOS/queue.o
                0x0000000008005aa8                xQueueReceive
 .text.xQueueSemaphoreTake
                0x0000000008005c60      0x210 Middlewares/FreeRTOS/queue.o
                0x0000000008005c60                xQueueSemaphoreTake
 .text.xQueueReceiveFromISR
                0x0000000008005e70       0xfa Middlewares/FreeRTOS/queue.o
                0x0000000008005e70                xQueueReceiveFromISR
 .text.vQueueDelete
                0x0000000008005f6a       0x44 Middlewares/FreeRTOS/queue.o
                0x0000000008005f6a                vQueueDelete
 .text.prvGetDisinheritPriorityAfterTimeout
                0x0000000008005fae       0x30 Middlewares/FreeRTOS/queue.o
 .text.prvCopyDataToQueue
                0x0000000008005fde       0xd4 Middlewares/FreeRTOS/queue.o
 .text.prvCopyDataFromQueue
                0x00000000080060b2       0x4c Middlewares/FreeRTOS/queue.o
 .text.prvUnlockQueue
                0x00000000080060fe       0xa4 Middlewares/FreeRTOS/queue.o
 .text.prvIsQueueEmpty
                0x00000000080061a2       0x2c Middlewares/FreeRTOS/queue.o
 .text.prvIsQueueFull
                0x00000000080061ce       0x30 Middlewares/FreeRTOS/queue.o
 *fill*         0x00000000080061fe        0x2 
 .text.vQueueAddToRegistry
                0x0000000008006200       0x50 Middlewares/FreeRTOS/queue.o
                0x0000000008006200                vQueueAddToRegistry
 .text.vQueueUnregisterQueue
                0x0000000008006250       0x54 Middlewares/FreeRTOS/queue.o
                0x0000000008006250                vQueueUnregisterQueue
 .text.vQueueWaitForMessageRestricted
                0x00000000080062a4       0x68 Middlewares/FreeRTOS/queue.o
                0x00000000080062a4                vQueueWaitForMessageRestricted
 .text.xTaskCreateStatic
                0x000000000800630c       0xb2 Middlewares/FreeRTOS/tasks.o
                0x000000000800630c                xTaskCreateStatic
 .text.xTaskCreate
                0x00000000080063be       0x8a Middlewares/FreeRTOS/tasks.o
                0x00000000080063be                xTaskCreate
 .text.prvInitialiseNewTask
                0x0000000008006448      0x10c Middlewares/FreeRTOS/tasks.o
 .text.prvAddNewTaskToReadyList
                0x0000000008006554       0xe0 Middlewares/FreeRTOS/tasks.o
 .text.vTaskDelay
                0x0000000008006634       0x68 Middlewares/FreeRTOS/tasks.o
                0x0000000008006634                vTaskDelay
 .text.vTaskStartScheduler
                0x000000000800669c       0xc8 Middlewares/FreeRTOS/tasks.o
                0x000000000800669c                vTaskStartScheduler
 .text.vTaskSuspendAll
                0x0000000008006764       0x1c Middlewares/FreeRTOS/tasks.o
                0x0000000008006764                vTaskSuspendAll
 .text.xTaskResumeAll
                0x0000000008006780      0x138 Middlewares/FreeRTOS/tasks.o
                0x0000000008006780                xTaskResumeAll
 .text.xTaskGetTickCount
                0x00000000080068b8       0x20 Middlewares/FreeRTOS/tasks.o
                0x00000000080068b8                xTaskGetTickCount
 .text.xTaskIncrementTick
                0x00000000080068d8      0x17c Middlewares/FreeRTOS/tasks.o
                0x00000000080068d8                xTaskIncrementTick
 .text.vTaskSwitchContext
                0x0000000008006a54       0xb8 Middlewares/FreeRTOS/tasks.o
                0x0000000008006a54                vTaskSwitchContext
 .text.vTaskPlaceOnEventList
                0x0000000008006b0c       0x48 Middlewares/FreeRTOS/tasks.o
                0x0000000008006b0c                vTaskPlaceOnEventList
 .text.vTaskPlaceOnEventListRestricted
                0x0000000008006b54       0x54 Middlewares/FreeRTOS/tasks.o
                0x0000000008006b54                vTaskPlaceOnEventListRestricted
 .text.xTaskRemoveFromEventList
                0x0000000008006ba8       0xc4 Middlewares/FreeRTOS/tasks.o
                0x0000000008006ba8                xTaskRemoveFromEventList
 .text.vTaskInternalSetTimeOutState
                0x0000000008006c6c       0x2c Middlewares/FreeRTOS/tasks.o
                0x0000000008006c6c                vTaskInternalSetTimeOutState
 .text.xTaskCheckForTimeOut
                0x0000000008006c98       0xc0 Middlewares/FreeRTOS/tasks.o
                0x0000000008006c98                xTaskCheckForTimeOut
 .text.vTaskMissedYield
                0x0000000008006d58       0x18 Middlewares/FreeRTOS/tasks.o
                0x0000000008006d58                vTaskMissedYield
 .text.prvIdleTask
                0x0000000008006d70       0x30 Middlewares/FreeRTOS/tasks.o
 .text.prvInitialiseTaskLists
                0x0000000008006da0       0x80 Middlewares/FreeRTOS/tasks.o
 .text.prvCheckTasksWaitingTermination
                0x0000000008006e20       0x58 Middlewares/FreeRTOS/tasks.o
 .text.prvDeleteTCB
                0x0000000008006e78       0x5c Middlewares/FreeRTOS/tasks.o
 .text.prvResetNextTaskUnblockTime
                0x0000000008006ed4       0x4c Middlewares/FreeRTOS/tasks.o
 .text.xTaskGetSchedulerState
                0x0000000008006f20       0x3c Middlewares/FreeRTOS/tasks.o
                0x0000000008006f20                xTaskGetSchedulerState
 .text.xTaskPriorityInherit
                0x0000000008006f5c       0xdc Middlewares/FreeRTOS/tasks.o
                0x0000000008006f5c                xTaskPriorityInherit
 .text.xTaskPriorityDisinherit
                0x0000000008007038       0xd8 Middlewares/FreeRTOS/tasks.o
                0x0000000008007038                xTaskPriorityDisinherit
 .text.vTaskPriorityDisinheritAfterTimeout
                0x0000000008007110      0x108 Middlewares/FreeRTOS/tasks.o
                0x0000000008007110                vTaskPriorityDisinheritAfterTimeout
 .text.pvTaskIncrementMutexHeldCount
                0x0000000008007218       0x28 Middlewares/FreeRTOS/tasks.o
                0x0000000008007218                pvTaskIncrementMutexHeldCount
 .text.prvAddCurrentTaskToDelayedList
                0x0000000008007240       0xa8 Middlewares/FreeRTOS/tasks.o
 .text.xTimerCreateTimerTask
                0x00000000080072e8       0x90 Middlewares/FreeRTOS/timers.o
                0x00000000080072e8                xTimerCreateTimerTask
 .text.xTimerGenericCommand
                0x0000000008007378       0x98 Middlewares/FreeRTOS/timers.o
                0x0000000008007378                xTimerGenericCommand
 .text.prvProcessExpiredTimer
                0x0000000008007410       0x80 Middlewares/FreeRTOS/timers.o
 .text.prvTimerTask
                0x0000000008007490       0x24 Middlewares/FreeRTOS/timers.o
 .text.prvProcessTimerOrBlockTask
                0x00000000080074b4       0x9c Middlewares/FreeRTOS/timers.o
 .text.prvGetNextExpireTime
                0x0000000008007550       0x48 Middlewares/FreeRTOS/timers.o
 .text.prvSampleTimeNow
                0x0000000008007598       0x40 Middlewares/FreeRTOS/timers.o
 .text.prvInsertTimerInActiveList
                0x00000000080075d8       0x84 Middlewares/FreeRTOS/timers.o
 .text.prvProcessReceivedCommands
                0x000000000800765c      0x160 Middlewares/FreeRTOS/timers.o
 .text.prvSwitchTimerLists
                0x00000000080077bc       0xc0 Middlewares/FreeRTOS/timers.o
 .text.prvCheckForValidListAndQueue
                0x000000000800787c       0x80 Middlewares/FreeRTOS/timers.o
 .text.__errno  0x00000000080078fc        0xc c:/st/stm32cubeide_1.2.0/stm32cubeide/plugins/com.st.stm32cube.ide.mcu.externaltools.gnu-tools-for-stm32.7-2018-q2-update.win32_1.4.0.202007081208/tools/bin/../lib/gcc/arm-none-eabi/7.3.1/../../../../arm-none-eabi/lib/thumb/v7e-m/fpv4-sp/hard\libc_nano.a(lib_a-errno.o)
                0x00000000080078fc                __errno
 .text.__libc_init_array
                0x0000000008007908       0x48 c:/st/stm32cubeide_1.2.0/stm32cubeide/plugins/com.st.stm32cube.ide.mcu.externaltools.gnu-tools-for-stm32.7-2018-q2-update.win32_1.4.0.202007081208/tools/bin/../lib/gcc/arm-none-eabi/7.3.1/../../../../arm-none-eabi/lib/thumb/v7e-m/fpv4-sp/hard\libc_nano.a(lib_a-init.o)
                0x0000000008007908                __libc_init_array
 .text.memcpy   0x0000000008007950       0x16 c:/st/stm32cubeide_1.2.0/stm32cubeide/plugins/com.st.stm32cube.ide.mcu.externaltools.gnu-tools-for-stm32.7-2018-q2-update.win32_1.4.0.202007081208/tools/bin/../lib/gcc/arm-none-eabi/7.3.1/../../../../arm-none-eabi/lib/thumb/v7e-m/fpv4-sp/hard\libc_nano.a(lib_a-memcpy-stub.o)
                0x0000000008007950                memcpy
 .text.memset   0x0000000008007966       0x10 c:/st/stm32cubeide_1.2.0/stm32cubeide/plugins/com.st.stm32cube.ide.mcu.externaltools.gnu-tools-for-stm32.7-2018-q2-update.win32_1.4.0.202007081208/tools/bin/../lib/gcc/arm-none-eabi/7.3.1/../../../../arm-none-eabi/lib/thumb/v7e-m/fpv4-sp/hard\libc_nano.a(lib_a-memset.o)
                0x0000000008007966                memset
 *fill*         0x0000000008007976        0x2 
 .text._puts_r  0x0000000008007978       0xb8 c:/st/stm32cubeide_1.2.0/stm32cubeide/plugins/com.st.stm32cube.ide.mcu.externaltools.gnu-tools-for-stm32.7-2018-q2-update.win32_1.4.0.202007081208/tools/bin/../lib/gcc/arm-none-eabi/7.3.1/../../../../arm-none-eabi/lib/thumb/v7e-m/fpv4-sp/hard\libc_nano.a(lib_a-puts.o)
                0x0000000008007978                _puts_r
 .text.puts     0x0000000008007a30       0x10 c:/st/stm32cubeide_1.2.0/stm32cubeide/plugins/com.st.stm32cube.ide.mcu.externaltools.gnu-tools-for-stm32.7-2018-q2-update.win32_1.4.0.202007081208/tools/bin/../lib/gcc/arm-none-eabi/7.3.1/../../../../arm-none-eabi/lib/thumb/v7e-m/fpv4-sp/hard\libc_nano.a(lib_a-puts.o)
                0x0000000008007a30                puts
 .text.strcat   0x0000000008007a40       0x1e c:/st/stm32cubeide_1.2.0/stm32cubeide/plugins/com.st.stm32cube.ide.mcu.externaltools.gnu-tools-for-stm32.7-2018-q2-update.win32_1.4.0.202007081208/tools/bin/../lib/gcc/arm-none-eabi/7.3.1/../../../../arm-none-eabi/lib/thumb/v7e-m/fpv4-sp/hard\libc_nano.a(lib_a-strcat.o)
                0x0000000008007a40                strcat
 .text.strchr   0x0000000008007a5e       0x1a c:/st/stm32cubeide_1.2.0/stm32cubeide/plugins/com.st.stm32cube.ide.mcu.externaltools.gnu-tools-for-stm32.7-2018-q2-update.win32_1.4.0.202007081208/tools/bin/../lib/gcc/arm-none-eabi/7.3.1/../../../../arm-none-eabi/lib/thumb/v7e-m/fpv4-sp/hard\libc_nano.a(lib_a-strchr.o)
                0x0000000008007a5e                strchr
 .text.strstr   0x0000000008007a78       0x34 c:/st/stm32cubeide_1.2.0/stm32cubeide/plugins/com.st.stm32cube.ide.mcu.externaltools.gnu-tools-for-stm32.7-2018-q2-update.win32_1.4.0.202007081208/tools/bin/../lib/gcc/arm-none-eabi/7.3.1/../../../../arm-none-eabi/lib/thumb/v7e-m/fpv4-sp/hard\libc_nano.a(lib_a-strstr.o)
                0x0000000008007a78                strstr
 .text.strupr   0x0000000008007aac       0x2a c:/st/stm32cubeide_1.2.0/stm32cubeide/plugins/com.st.stm32cube.ide.mcu.externaltools.gnu-tools-for-stm32.7-2018-q2-update.win32_1.4.0.202007081208/tools/bin/../lib/gcc/arm-none-eabi/7.3.1/../../../../arm-none-eabi/lib/thumb/v7e-m/fpv4-sp/hard\libc_nano.a(lib_a-strupr.o)
                0x0000000008007aac                strupr
 *fill*         0x0000000008007ad6        0x2 
 .text.__swbuf_r
                0x0000000008007ad8       0xa4 c:/st/stm32cubeide_1.2.0/stm32cubeide/plugins/com.st.stm32cube.ide.mcu.externaltools.gnu-tools-for-stm32.7-2018-q2-update.win32_1.4.0.202007081208/tools/bin/../lib/gcc/arm-none-eabi/7.3.1/../../../../arm-none-eabi/lib/thumb/v7e-m/fpv4-sp/hard\libc_nano.a(lib_a-wbuf.o)
                0x0000000008007ad8                __swbuf_r
 .text.__swsetup_r
                0x0000000008007b7c       0xdc c:/st/stm32cubeide_1.2.0/stm32cubeide/plugins/com.st.stm32cube.ide.mcu.externaltools.gnu-tools-for-stm32.7-2018-q2-update.win32_1.4.0.202007081208/tools/bin/../lib/gcc/arm-none-eabi/7.3.1/../../../../arm-none-eabi/lib/thumb/v7e-m/fpv4-sp/hard\libc_nano.a(lib_a-wsetup.o)
                0x0000000008007b7c                __swsetup_r
 .text.__sflush_r
                0x0000000008007c58      0x10c c:/st/stm32cubeide_1.2.0/stm32cubeide/plugins/com.st.stm32cube.ide.mcu.externaltools.gnu-tools-for-stm32.7-2018-q2-update.win32_1.4.0.202007081208/tools/bin/../lib/gcc/arm-none-eabi/7.3.1/../../../../arm-none-eabi/lib/thumb/v7e-m/fpv4-sp/hard\libc_nano.a(lib_a-fflush.o)
                0x0000000008007c58                __sflush_r
 .text._fflush_r
                0x0000000008007d64       0x54 c:/st/stm32cubeide_1.2.0/stm32cubeide/plugins/com.st.stm32cube.ide.mcu.externaltools.gnu-tools-for-stm32.7-2018-q2-update.win32_1.4.0.202007081208/tools/bin/../lib/gcc/arm-none-eabi/7.3.1/../../../../arm-none-eabi/lib/thumb/v7e-m/fpv4-sp/hard\libc_nano.a(lib_a-fflush.o)
                0x0000000008007d64                _fflush_r
 .text.std      0x0000000008007db8       0x48 c:/st/stm32cubeide_1.2.0/stm32cubeide/plugins/com.st.stm32cube.ide.mcu.externaltools.gnu-tools-for-stm32.7-2018-q2-update.win32_1.4.0.202007081208/tools/bin/../lib/gcc/arm-none-eabi/7.3.1/../../../../arm-none-eabi/lib/thumb/v7e-m/fpv4-sp/hard\libc_nano.a(lib_a-findfp.o)
 .text._cleanup_r
                0x0000000008007e00        0xc c:/st/stm32cubeide_1.2.0/stm32cubeide/plugins/com.st.stm32cube.ide.mcu.externaltools.gnu-tools-for-stm32.7-2018-q2-update.win32_1.4.0.202007081208/tools/bin/../lib/gcc/arm-none-eabi/7.3.1/../../../../arm-none-eabi/lib/thumb/v7e-m/fpv4-sp/hard\libc_nano.a(lib_a-findfp.o)
                0x0000000008007e00                _cleanup_r
 .text.__sfmoreglue
                0x0000000008007e0c       0x2c c:/st/stm32cubeide_1.2.0/stm32cubeide/plugins/com.st.stm32cube.ide.mcu.externaltools.gnu-tools-for-stm32.7-2018-q2-update.win32_1.4.0.202007081208/tools/bin/../lib/gcc/arm-none-eabi/7.3.1/../../../../arm-none-eabi/lib/thumb/v7e-m/fpv4-sp/hard\libc_nano.a(lib_a-findfp.o)
                0x0000000008007e0c                __sfmoreglue
 .text.__sinit  0x0000000008007e38       0x60 c:/st/stm32cubeide_1.2.0/stm32cubeide/plugins/com.st.stm32cube.ide.mcu.externaltools.gnu-tools-for-stm32.7-2018-q2-update.win32_1.4.0.202007081208/tools/bin/../lib/gcc/arm-none-eabi/7.3.1/../../../../arm-none-eabi/lib/thumb/v7e-m/fpv4-sp/hard\libc_nano.a(lib_a-findfp.o)
                0x0000000008007e38                __sinit
 .text.__sfp    0x0000000008007e98       0x78 c:/st/stm32cubeide_1.2.0/stm32cubeide/plugins/com.st.stm32cube.ide.mcu.externaltools.gnu-tools-for-stm32.7-2018-q2-update.win32_1.4.0.202007081208/tools/bin/../lib/gcc/arm-none-eabi/7.3.1/../../../../arm-none-eabi/lib/thumb/v7e-m/fpv4-sp/hard\libc_nano.a(lib_a-findfp.o)
                0x0000000008007e98                __sfp
 .text._fwalk_reent
                0x0000000008007f10       0x3c c:/st/stm32cubeide_1.2.0/stm32cubeide/plugins/com.st.stm32cube.ide.mcu.externaltools.gnu-tools-for-stm32.7-2018-q2-update.win32_1.4.0.202007081208/tools/bin/../lib/gcc/arm-none-eabi/7.3.1/../../../../arm-none-eabi/lib/thumb/v7e-m/fpv4-sp/hard\libc_nano.a(lib_a-fwalk.o)
                0x0000000008007f10                _fwalk_reent
 .text.__locale_ctype_ptr
                0x0000000008007f4c       0x1c c:/st/stm32cubeide_1.2.0/stm32cubeide/plugins/com.st.stm32cube.ide.mcu.externaltools.gnu-tools-for-stm32.7-2018-q2-update.win32_1.4.0.202007081208/tools/bin/../lib/gcc/arm-none-eabi/7.3.1/../../../../arm-none-eabi/lib/thumb/v7e-m/fpv4-sp/hard\libc_nano.a(lib_a-locale.o)
                0x0000000008007f4c                __locale_ctype_ptr
 .text.__swhatbuf_r
                0x0000000008007f68       0x48 c:/st/stm32cubeide_1.2.0/stm32cubeide/plugins/com.st.stm32cube.ide.mcu.externaltools.gnu-tools-for-stm32.7-2018-q2-update.win32_1.4.0.202007081208/tools/bin/../lib/gcc/arm-none-eabi/7.3.1/../../../../arm-none-eabi/lib/thumb/v7e-m/fpv4-sp/hard\libc_nano.a(lib_a-makebuf.o)
                0x0000000008007f68                __swhatbuf_r
 .text.__smakebuf_r
                0x0000000008007fb0       0x80 c:/st/stm32cubeide_1.2.0/stm32cubeide/plugins/com.st.stm32cube.ide.mcu.externaltools.gnu-tools-for-stm32.7-2018-q2-update.win32_1.4.0.202007081208/tools/bin/../lib/gcc/arm-none-eabi/7.3.1/../../../../arm-none-eabi/lib/thumb/v7e-m/fpv4-sp/hard\libc_nano.a(lib_a-makebuf.o)
                0x0000000008007fb0                __smakebuf_r
 .text.__ascii_mbtowc
                0x0000000008008030       0x24 c:/st/stm32cubeide_1.2.0/stm32cubeide/plugins/com.st.stm32cube.ide.mcu.externaltools.gnu-tools-for-stm32.7-2018-q2-update.win32_1.4.0.202007081208/tools/bin/../lib/gcc/arm-none-eabi/7.3.1/../../../../arm-none-eabi/lib/thumb/v7e-m/fpv4-sp/hard\libc_nano.a(lib_a-mbtowc_r.o)
                0x0000000008008030                __ascii_mbtowc
 .text._free_r  0x0000000008008054       0x9c c:/st/stm32cubeide_1.2.0/stm32cubeide/plugins/com.st.stm32cube.ide.mcu.externaltools.gnu-tools-for-stm32.7-2018-q2-update.win32_1.4.0.202007081208/tools/bin/../lib/gcc/arm-none-eabi/7.3.1/../../../../arm-none-eabi/lib/thumb/v7e-m/fpv4-sp/hard\libc_nano.a(lib_a-nano-freer.o)
                0x0000000008008054                _free_r
 .text._malloc_r
                0x00000000080080f0       0xb4 c:/st/stm32cubeide_1.2.0/stm32cubeide/plugins/com.st.stm32cube.ide.mcu.externaltools.gnu-tools-for-stm32.7-2018-q2-update.win32_1.4.0.202007081208/tools/bin/../lib/gcc/arm-none-eabi/7.3.1/../../../../arm-none-eabi/lib/thumb/v7e-m/fpv4-sp/hard\libc_nano.a(lib_a-nano-mallocr.o)
                0x00000000080080f0                _malloc_r
 .text._sbrk_r  0x00000000080081a4       0x20 c:/st/stm32cubeide_1.2.0/stm32cubeide/plugins/com.st.stm32cube.ide.mcu.externaltools.gnu-tools-for-stm32.7-2018-q2-update.win32_1.4.0.202007081208/tools/bin/../lib/gcc/arm-none-eabi/7.3.1/../../../../arm-none-eabi/lib/thumb/v7e-m/fpv4-sp/hard\libc_nano.a(lib_a-sbrkr.o)
                0x00000000080081a4                _sbrk_r
 .text.__sread  0x00000000080081c4       0x22 c:/st/stm32cubeide_1.2.0/stm32cubeide/plugins/com.st.stm32cube.ide.mcu.externaltools.gnu-tools-for-stm32.7-2018-q2-update.win32_1.4.0.202007081208/tools/bin/../lib/gcc/arm-none-eabi/7.3.1/../../../../arm-none-eabi/lib/thumb/v7e-m/fpv4-sp/hard\libc_nano.a(lib_a-stdio.o)
                0x00000000080081c4                __sread
 .text.__swrite
                0x00000000080081e6       0x38 c:/st/stm32cubeide_1.2.0/stm32cubeide/plugins/com.st.stm32cube.ide.mcu.externaltools.gnu-tools-for-stm32.7-2018-q2-update.win32_1.4.0.202007081208/tools/bin/../lib/gcc/arm-none-eabi/7.3.1/../../../../arm-none-eabi/lib/thumb/v7e-m/fpv4-sp/hard\libc_nano.a(lib_a-stdio.o)
                0x00000000080081e6                __swrite
 .text.__sseek  0x000000000800821e       0x24 c:/st/stm32cubeide_1.2.0/stm32cubeide/plugins/com.st.stm32cube.ide.mcu.externaltools.gnu-tools-for-stm32.7-2018-q2-update.win32_1.4.0.202007081208/tools/bin/../lib/gcc/arm-none-eabi/7.3.1/../../../../arm-none-eabi/lib/thumb/v7e-m/fpv4-sp/hard\libc_nano.a(lib_a-stdio.o)
                0x000000000800821e                __sseek
 .text.__sclose
                0x0000000008008242        0x8 c:/st/stm32cubeide_1.2.0/stm32cubeide/plugins/com.st.stm32cube.ide.mcu.externaltools.gnu-tools-for-stm32.7-2018-q2-update.win32_1.4.0.202007081208/tools/bin/../lib/gcc/arm-none-eabi/7.3.1/../../../../arm-none-eabi/lib/thumb/v7e-m/fpv4-sp/hard\libc_nano.a(lib_a-stdio.o)
                0x0000000008008242                __sclose
 .text.__ascii_wctomb
                0x000000000800824a       0x1a c:/st/stm32cubeide_1.2.0/stm32cubeide/plugins/com.st.stm32cube.ide.mcu.externaltools.gnu-tools-for-stm32.7-2018-q2-update.win32_1.4.0.202007081208/tools/bin/../lib/gcc/arm-none-eabi/7.3.1/../../../../arm-none-eabi/lib/thumb/v7e-m/fpv4-sp/hard\libc_nano.a(lib_a-wctomb_r.o)
                0x000000000800824a                __ascii_wctomb
 .text._write_r
                0x0000000008008264       0x24 c:/st/stm32cubeide_1.2.0/stm32cubeide/plugins/com.st.stm32cube.ide.mcu.externaltools.gnu-tools-for-stm32.7-2018-q2-update.win32_1.4.0.202007081208/tools/bin/../lib/gcc/arm-none-eabi/7.3.1/../../../../arm-none-eabi/lib/thumb/v7e-m/fpv4-sp/hard\libc_nano.a(lib_a-writer.o)
                0x0000000008008264                _write_r
 .text._close_r
                0x0000000008008288       0x20 c:/st/stm32cubeide_1.2.0/stm32cubeide/plugins/com.st.stm32cube.ide.mcu.externaltools.gnu-tools-for-stm32.7-2018-q2-update.win32_1.4.0.202007081208/tools/bin/../lib/gcc/arm-none-eabi/7.3.1/../../../../arm-none-eabi/lib/thumb/v7e-m/fpv4-sp/hard\libc_nano.a(lib_a-closer.o)
                0x0000000008008288                _close_r
 .text._fstat_r
                0x00000000080082a8       0x24 c:/st/stm32cubeide_1.2.0/stm32cubeide/plugins/com.st.stm32cube.ide.mcu.externaltools.gnu-tools-for-stm32.7-2018-q2-update.win32_1.4.0.202007081208/tools/bin/../lib/gcc/arm-none-eabi/7.3.1/../../../../arm-none-eabi/lib/thumb/v7e-m/fpv4-sp/hard\libc_nano.a(lib_a-fstatr.o)
                0x00000000080082a8                _fstat_r
 .text._isatty_r
                0x00000000080082cc       0x20 c:/st/stm32cubeide_1.2.0/stm32cubeide/plugins/com.st.stm32cube.ide.mcu.externaltools.gnu-tools-for-stm32.7-2018-q2-update.win32_1.4.0.202007081208/tools/bin/../lib/gcc/arm-none-eabi/7.3.1/../../../../arm-none-eabi/lib/thumb/v7e-m/fpv4-sp/hard\libc_nano.a(lib_a-isattyr.o)
                0x00000000080082cc                _isatty_r
 .text._lseek_r
                0x00000000080082ec       0x24 c:/st/stm32cubeide_1.2.0/stm32cubeide/plugins/com.st.stm32cube.ide.mcu.externaltools.gnu-tools-for-stm32.7-2018-q2-update.win32_1.4.0.202007081208/tools/bin/../lib/gcc/arm-none-eabi/7.3.1/../../../../arm-none-eabi/lib/thumb/v7e-m/fpv4-sp/hard\libc_nano.a(lib_a-lseekr.o)
                0x00000000080082ec                _lseek_r
 .text.__malloc_lock
                0x0000000008008310        0x2 c:/st/stm32cubeide_1.2.0/stm32cubeide/plugins/com.st.stm32cube.ide.mcu.externaltools.gnu-tools-for-stm32.7-2018-q2-update.win32_1.4.0.202007081208/tools/bin/../lib/gcc/arm-none-eabi/7.3.1/../../../../arm-none-eabi/lib/thumb/v7e-m/fpv4-sp/hard\libc_nano.a(lib_a-mlock.o)
                0x0000000008008310                __malloc_lock
 .text.__malloc_unlock
                0x0000000008008312        0x2 c:/st/stm32cubeide_1.2.0/stm32cubeide/plugins/com.st.stm32cube.ide.mcu.externaltools.gnu-tools-for-stm32.7-2018-q2-update.win32_1.4.0.202007081208/tools/bin/../lib/gcc/arm-none-eabi/7.3.1/../../../../arm-none-eabi/lib/thumb/v7e-m/fpv4-sp/hard\libc_nano.a(lib_a-mlock.o)
                0x0000000008008312                __malloc_unlock
 .text._read_r  0x0000000008008314       0x24 c:/st/stm32cubeide_1.2.0/stm32cubeide/plugins/com.st.stm32cube.ide.mcu.externaltools.gnu-tools-for-stm32.7-2018-q2-update.win32_1.4.0.202007081208/tools/bin/../lib/gcc/arm-none-eabi/7.3.1/../../../../arm-none-eabi/lib/thumb/v7e-m/fpv4-sp/hard\libc_nano.a(lib_a-readr.o)
                0x0000000008008314                _read_r
 *(.glue_7)
 .glue_7        0x0000000008008338        0x0 linker stubs
 *(.glue_7t)
 .glue_7t       0x0000000008008338        0x0 linker stubs
 *(.eh_frame)
 .eh_frame      0x0000000008008338        0x0 c:/st/stm32cubeide_1.2.0/stm32cubeide/plugins/com.st.stm32cube.ide.mcu.externaltools.gnu-tools-for-stm32.7-2018-q2-update.win32_1.4.0.202007081208/tools/bin/../lib/gcc/arm-none-eabi/7.3.1/thumb/v7e-m/fpv4-sp/hard/crtbegin.o
 *(.init)
 .init          0x0000000008008338        0x4 c:/st/stm32cubeide_1.2.0/stm32cubeide/plugins/com.st.stm32cube.ide.mcu.externaltools.gnu-tools-for-stm32.7-2018-q2-update.win32_1.4.0.202007081208/tools/bin/../lib/gcc/arm-none-eabi/7.3.1/thumb/v7e-m/fpv4-sp/hard/crti.o
                0x0000000008008338                _init
 .init          0x000000000800833c        0x8 c:/st/stm32cubeide_1.2.0/stm32cubeide/plugins/com.st.stm32cube.ide.mcu.externaltools.gnu-tools-for-stm32.7-2018-q2-update.win32_1.4.0.202007081208/tools/bin/../lib/gcc/arm-none-eabi/7.3.1/thumb/v7e-m/fpv4-sp/hard/crtn.o
 *(.fini)
 .fini          0x0000000008008344        0x4 c:/st/stm32cubeide_1.2.0/stm32cubeide/plugins/com.st.stm32cube.ide.mcu.externaltools.gnu-tools-for-stm32.7-2018-q2-update.win32_1.4.0.202007081208/tools/bin/../lib/gcc/arm-none-eabi/7.3.1/thumb/v7e-m/fpv4-sp/hard/crti.o
                0x0000000008008344                _fini
 .fini          0x0000000008008348        0x8 c:/st/stm32cubeide_1.2.0/stm32cubeide/plugins/com.st.stm32cube.ide.mcu.externaltools.gnu-tools-for-stm32.7-2018-q2-update.win32_1.4.0.202007081208/tools/bin/../lib/gcc/arm-none-eabi/7.3.1/thumb/v7e-m/fpv4-sp/hard/crtn.o
                0x0000000008008350                . = ALIGN (0x4)
                0x0000000008008350                _etext = .

.vfp11_veneer   0x0000000008008350        0x0
 .vfp11_veneer  0x0000000008008350        0x0 linker stubs

.v4_bx          0x0000000008008350        0x0
 .v4_bx         0x0000000008008350        0x0 linker stubs

.iplt           0x0000000008008350        0x0
 .iplt          0x0000000008008350        0x0 c:/st/stm32cubeide_1.2.0/stm32cubeide/plugins/com.st.stm32cube.ide.mcu.externaltools.gnu-tools-for-stm32.7-2018-q2-update.win32_1.4.0.202007081208/tools/bin/../lib/gcc/arm-none-eabi/7.3.1/thumb/v7e-m/fpv4-sp/hard/crtbegin.o

.rodata         0x0000000008008350      0x280
                0x0000000008008350                . = ALIGN (0x4)
 *(.rodata)
 .rodata        0x0000000008008350       0x44 Core/Src/freertos.o
 .rodata        0x0000000008008394       0x10 Core/Src/main.o
 .rodata        0x00000000080083a4        0x5 Middlewares/FreeRTOS/tasks.o
 *fill*         0x00000000080083a9        0x3 
 .rodata        0x00000000080083ac        0xd Middlewares/FreeRTOS/timers.o
 *(.rodata*)
 *fill*         0x00000000080083b9        0x3 
 .rodata.defaultTask_attributes
                0x00000000080083bc       0x24 Core/Src/freertos.o
                0x00000000080083bc                defaultTask_attributes
 .rodata.Green_LED_attributes
                0x00000000080083e0       0x24 Core/Src/freertos.o
                0x00000000080083e0                Green_LED_attributes
 .rodata.Red_LED_attributes
                0x0000000008008404       0x24 Core/Src/freertos.o
                0x0000000008008404                Red_LED_attributes
 .rodata.myUARTMutex_attributes
                0x0000000008008428       0x10 Core/Src/freertos.o
                0x0000000008008428                myUARTMutex_attributes
 .rodata.myBinarySem01_attributes
                0x0000000008008438       0x10 Core/Src/freertos.o
                0x0000000008008438                myBinarySem01_attributes
 .rodata.AHBPrescTable
                0x0000000008008448       0x10 Core/Src/system_stm32f4xx.o
                0x0000000008008448                AHBPrescTable
 .rodata.APBPrescTable
                0x0000000008008458        0x8 Core/Src/system_stm32f4xx.o
                0x0000000008008458                APBPrescTable
 .rodata._global_impure_ptr
                0x0000000008008460        0x4 c:/st/stm32cubeide_1.2.0/stm32cubeide/plugins/com.st.stm32cube.ide.mcu.externaltools.gnu-tools-for-stm32.7-2018-q2-update.win32_1.4.0.202007081208/tools/bin/../lib/gcc/arm-none-eabi/7.3.1/../../../../arm-none-eabi/lib/thumb/v7e-m/fpv4-sp/hard\libc_nano.a(lib_a-impure.o)
                0x0000000008008460                _global_impure_ptr
 .rodata.__sf_fake_stderr
                0x0000000008008464       0x20 c:/st/stm32cubeide_1.2.0/stm32cubeide/plugins/com.st.stm32cube.ide.mcu.externaltools.gnu-tools-for-stm32.7-2018-q2-update.win32_1.4.0.202007081208/tools/bin/../lib/gcc/arm-none-eabi/7.3.1/../../../../arm-none-eabi/lib/thumb/v7e-m/fpv4-sp/hard\libc_nano.a(lib_a-findfp.o)
                0x0000000008008464                __sf_fake_stderr
 .rodata.__sf_fake_stdin
                0x0000000008008484       0x20 c:/st/stm32cubeide_1.2.0/stm32cubeide/plugins/com.st.stm32cube.ide.mcu.externaltools.gnu-tools-for-stm32.7-2018-q2-update.win32_1.4.0.202007081208/tools/bin/../lib/gcc/arm-none-eabi/7.3.1/../../../../arm-none-eabi/lib/thumb/v7e-m/fpv4-sp/hard\libc_nano.a(lib_a-findfp.o)
                0x0000000008008484                __sf_fake_stdin
 .rodata.__sf_fake_stdout
                0x00000000080084a4       0x20 c:/st/stm32cubeide_1.2.0/stm32cubeide/plugins/com.st.stm32cube.ide.mcu.externaltools.gnu-tools-for-stm32.7-2018-q2-update.win32_1.4.0.202007081208/tools/bin/../lib/gcc/arm-none-eabi/7.3.1/../../../../arm-none-eabi/lib/thumb/v7e-m/fpv4-sp/hard\libc_nano.a(lib_a-findfp.o)
                0x00000000080084a4                __sf_fake_stdout
 .rodata._setlocale_r.str1.1
                0x00000000080084c4        0x8 c:/st/stm32cubeide_1.2.0/stm32cubeide/plugins/com.st.stm32cube.ide.mcu.externaltools.gnu-tools-for-stm32.7-2018-q2-update.win32_1.4.0.202007081208/tools/bin/../lib/gcc/arm-none-eabi/7.3.1/../../../../arm-none-eabi/lib/thumb/v7e-m/fpv4-sp/hard\libc_nano.a(lib_a-locale.o)
                                          0x9 (size before relaxing)
 .rodata.str1.1
                0x00000000080084cc        0x2 c:/st/stm32cubeide_1.2.0/stm32cubeide/plugins/com.st.stm32cube.ide.mcu.externaltools.gnu-tools-for-stm32.7-2018-q2-update.win32_1.4.0.202007081208/tools/bin/../lib/gcc/arm-none-eabi/7.3.1/../../../../arm-none-eabi/lib/thumb/v7e-m/fpv4-sp/hard\libc_nano.a(lib_a-locale.o)
 .rodata._ctype_
                0x00000000080084ce      0x101 c:/st/stm32cubeide_1.2.0/stm32cubeide/plugins/com.st.stm32cube.ide.mcu.externaltools.gnu-tools-for-stm32.7-2018-q2-update.win32_1.4.0.202007081208/tools/bin/../lib/gcc/arm-none-eabi/7.3.1/../../../../arm-none-eabi/lib/thumb/v7e-m/fpv4-sp/hard\libc_nano.a(lib_a-ctype_.o)
                0x00000000080084ce                _ctype_
                0x00000000080085d0                . = ALIGN (0x4)
 *fill*         0x00000000080085cf        0x1 

.ARM.extab      0x00000000080085d0        0x0
                0x00000000080085d0                . = ALIGN (0x4)
 *(.ARM.extab* .gnu.linkonce.armextab.*)
                0x00000000080085d0                . = ALIGN (0x4)

.ARM            0x00000000080085d0        0x8
                0x00000000080085d0                . = ALIGN (0x4)
                0x00000000080085d0                __exidx_start = .
 *(.ARM.exidx*)
 .ARM.exidx     0x00000000080085d0        0x8 c:/st/stm32cubeide_1.2.0/stm32cubeide/plugins/com.st.stm32cube.ide.mcu.externaltools.gnu-tools-for-stm32.7-2018-q2-update.win32_1.4.0.202007081208/tools/bin/../lib/gcc/arm-none-eabi/7.3.1/thumb/v7e-m/fpv4-sp/hard\libgcc.a(_udivmoddi4.o)
                0x00000000080085d8                __exidx_end = .
                0x00000000080085d8                . = ALIGN (0x4)

.rel.dyn        0x00000000080085d8        0x0
 .rel.iplt      0x00000000080085d8        0x0 c:/st/stm32cubeide_1.2.0/stm32cubeide/plugins/com.st.stm32cube.ide.mcu.externaltools.gnu-tools-for-stm32.7-2018-q2-update.win32_1.4.0.202007081208/tools/bin/../lib/gcc/arm-none-eabi/7.3.1/thumb/v7e-m/fpv4-sp/hard/crtbegin.o

.preinit_array  0x00000000080085d8        0x0
                0x00000000080085d8                . = ALIGN (0x4)
                0x00000000080085d8                PROVIDE (__preinit_array_start = .)
 *(.preinit_array*)
                0x00000000080085d8                PROVIDE (__preinit_array_end = .)
                0x00000000080085d8                . = ALIGN (0x4)

.init_array     0x00000000080085d8        0x4
                0x00000000080085d8                . = ALIGN (0x4)
                0x00000000080085d8                PROVIDE (__init_array_start = .)
 *(SORT_BY_NAME(.init_array.*))
 *(.init_array*)
 .init_array    0x00000000080085d8        0x4 c:/st/stm32cubeide_1.2.0/stm32cubeide/plugins/com.st.stm32cube.ide.mcu.externaltools.gnu-tools-for-stm32.7-2018-q2-update.win32_1.4.0.202007081208/tools/bin/../lib/gcc/arm-none-eabi/7.3.1/thumb/v7e-m/fpv4-sp/hard/crtbegin.o
                0x00000000080085dc                PROVIDE (__init_array_end = .)
                0x00000000080085dc                . = ALIGN (0x4)

.fini_array     0x00000000080085dc        0x4
                0x00000000080085dc                . = ALIGN (0x4)
                [!provide]                        PROVIDE (__fini_array_start = .)
 *(SORT_BY_NAME(.fini_array.*))
 *(.fini_array*)
 .fini_array    0x00000000080085dc        0x4 c:/st/stm32cubeide_1.2.0/stm32cubeide/plugins/com.st.stm32cube.ide.mcu.externaltools.gnu-tools-for-stm32.7-2018-q2-update.win32_1.4.0.202007081208/tools/bin/../lib/gcc/arm-none-eabi/7.3.1/thumb/v7e-m/fpv4-sp/hard/crtbegin.o
                [!provide]                        PROVIDE (__fini_array_end = .)
                0x00000000080085e0                . = ALIGN (0x4)
                0x00000000080085e0                _sidata = LOADADDR (.data)

.data           0x0000000020000000      0x1e0 load address 0x00000000080085e0
                0x0000000020000000                . = ALIGN (0x4)
                0x0000000020000000                _sdata = .
 *(.data)
 *(.data*)
 .data.SystemCoreClock
                0x0000000020000000        0x4 Core/Src/system_stm32f4xx.o
                0x0000000020000000                SystemCoreClock
 .data.uwTickPrio
                0x0000000020000004        0x4 Drivers/STM32F4xx_HAL_Driver/stm32f4xx_hal.o
                0x0000000020000004                uwTickPrio
 .data.uwTickFreq
                0x0000000020000008        0x1 Drivers/STM32F4xx_HAL_Driver/stm32f4xx_hal.o
                0x0000000020000008                uwTickFreq
 *fill*         0x0000000020000009        0x3 
 .data.uxCriticalNesting
                0x000000002000000c        0x4 Middlewares/FreeRTOS/port.o
 .data._impure_ptr
                0x0000000020000010        0x4 c:/st/stm32cubeide_1.2.0/stm32cubeide/plugins/com.st.stm32cube.ide.mcu.externaltools.gnu-tools-for-stm32.7-2018-q2-update.win32_1.4.0.202007081208/tools/bin/../lib/gcc/arm-none-eabi/7.3.1/../../../../arm-none-eabi/lib/thumb/v7e-m/fpv4-sp/hard\libc_nano.a(lib_a-impure.o)
                0x0000000020000010                _impure_ptr
 .data.impure_data
                0x0000000020000014       0x60 c:/st/stm32cubeide_1.2.0/stm32cubeide/plugins/com.st.stm32cube.ide.mcu.externaltools.gnu-tools-for-stm32.7-2018-q2-update.win32_1.4.0.202007081208/tools/bin/../lib/gcc/arm-none-eabi/7.3.1/../../../../arm-none-eabi/lib/thumb/v7e-m/fpv4-sp/hard\libc_nano.a(lib_a-impure.o)
 .data.__global_locale
                0x0000000020000074      0x16c c:/st/stm32cubeide_1.2.0/stm32cubeide/plugins/com.st.stm32cube.ide.mcu.externaltools.gnu-tools-for-stm32.7-2018-q2-update.win32_1.4.0.202007081208/tools/bin/../lib/gcc/arm-none-eabi/7.3.1/../../../../arm-none-eabi/lib/thumb/v7e-m/fpv4-sp/hard\libc_nano.a(lib_a-locale.o)
                0x0000000020000074                __global_locale
                0x00000000200001e0                . = ALIGN (0x4)
                0x00000000200001e0                _edata = .

.igot.plt       0x00000000200001e0        0x0 load address 0x00000000080087c0
 .igot.plt      0x00000000200001e0        0x0 c:/st/stm32cubeide_1.2.0/stm32cubeide/plugins/com.st.stm32cube.ide.mcu.externaltools.gnu-tools-for-stm32.7-2018-q2-update.win32_1.4.0.202007081208/tools/bin/../lib/gcc/arm-none-eabi/7.3.1/thumb/v7e-m/fpv4-sp/hard/crtbegin.o
                0x00000000200001e0                . = ALIGN (0x4)

.bss            0x00000000200001e0    0x1be44 load address 0x00000000080087c0
                0x00000000200001e0                _sbss = .
                0x00000000200001e0                __bss_start__ = _sbss
 *(.bss)
 .bss           0x00000000200001e0       0x1c c:/st/stm32cubeide_1.2.0/stm32cubeide/plugins/com.st.stm32cube.ide.mcu.externaltools.gnu-tools-for-stm32.7-2018-q2-update.win32_1.4.0.202007081208/tools/bin/../lib/gcc/arm-none-eabi/7.3.1/thumb/v7e-m/fpv4-sp/hard/crtbegin.o
 *(.bss*)
 .bss.heap_end.6424
                0x00000000200001fc        0x4 Core/Src/sysmem.o
 .bss.KernelState
                0x0000000020000200        0x4 Middlewares/FreeRTOS/cmsis_os2.o
 .bss.Idle_TCB  0x0000000020000204       0x5c Middlewares/FreeRTOS/cmsis_os2.o
 .bss.Idle_Stack
                0x0000000020000260      0xfa0 Middlewares/FreeRTOS/cmsis_os2.o
 .bss.Timer_TCB
                0x0000000020001200       0x5c Middlewares/FreeRTOS/cmsis_os2.o
 .bss.Timer_Stack
                0x000000002000125c     0x1f40 Middlewares/FreeRTOS/cmsis_os2.o
 .bss.ucHeap    0x000000002000319c    0x186a0 Middlewares/FreeRTOS/heap_4.o
 .bss.xStart    0x000000002001b83c        0x8 Middlewares/FreeRTOS/heap_4.o
 .bss.pxEnd     0x000000002001b844        0x4 Middlewares/FreeRTOS/heap_4.o
 .bss.xFreeBytesRemaining
                0x000000002001b848        0x4 Middlewares/FreeRTOS/heap_4.o
 .bss.xMinimumEverFreeBytesRemaining
                0x000000002001b84c        0x4 Middlewares/FreeRTOS/heap_4.o
 .bss.xBlockAllocatedBit
                0x000000002001b850        0x4 Middlewares/FreeRTOS/heap_4.o
 .bss.ucMaxSysCallPriority
                0x000000002001b854        0x1 Middlewares/FreeRTOS/port.o
 *fill*         0x000000002001b855        0x3 
 .bss.ulMaxPRIGROUPValue
                0x000000002001b858        0x4 Middlewares/FreeRTOS/port.o
 .bss.pxCurrentTCB
                0x000000002001b85c        0x4 Middlewares/FreeRTOS/tasks.o
                0x000000002001b85c                pxCurrentTCB
 .bss.pxReadyTasksLists
                0x000000002001b860      0x460 Middlewares/FreeRTOS/tasks.o
 .bss.xDelayedTaskList1
                0x000000002001bcc0       0x14 Middlewares/FreeRTOS/tasks.o
 .bss.xDelayedTaskList2
                0x000000002001bcd4       0x14 Middlewares/FreeRTOS/tasks.o
 .bss.pxDelayedTaskList
                0x000000002001bce8        0x4 Middlewares/FreeRTOS/tasks.o
 .bss.pxOverflowDelayedTaskList
                0x000000002001bcec        0x4 Middlewares/FreeRTOS/tasks.o
 .bss.xPendingReadyList
                0x000000002001bcf0       0x14 Middlewares/FreeRTOS/tasks.o
 .bss.xTasksWaitingTermination
                0x000000002001bd04       0x14 Middlewares/FreeRTOS/tasks.o
 .bss.uxDeletedTasksWaitingCleanUp
                0x000000002001bd18        0x4 Middlewares/FreeRTOS/tasks.o
 .bss.xSuspendedTaskList
                0x000000002001bd1c       0x14 Middlewares/FreeRTOS/tasks.o
 .bss.uxCurrentNumberOfTasks
                0x000000002001bd30        0x4 Middlewares/FreeRTOS/tasks.o
 .bss.xTickCount
                0x000000002001bd34        0x4 Middlewares/FreeRTOS/tasks.o
 .bss.uxTopReadyPriority
                0x000000002001bd38        0x4 Middlewares/FreeRTOS/tasks.o
 .bss.xSchedulerRunning
                0x000000002001bd3c        0x4 Middlewares/FreeRTOS/tasks.o
 .bss.uxPendedTicks
                0x000000002001bd40        0x4 Middlewares/FreeRTOS/tasks.o
 .bss.xYieldPending
                0x000000002001bd44        0x4 Middlewares/FreeRTOS/tasks.o
 .bss.xNumOfOverflows
                0x000000002001bd48        0x4 Middlewares/FreeRTOS/tasks.o
 .bss.uxTaskNumber
                0x000000002001bd4c        0x4 Middlewares/FreeRTOS/tasks.o
 .bss.xNextTaskUnblockTime
                0x000000002001bd50        0x4 Middlewares/FreeRTOS/tasks.o
 .bss.xIdleTaskHandle
                0x000000002001bd54        0x4 Middlewares/FreeRTOS/tasks.o
 .bss.uxSchedulerSuspended
                0x000000002001bd58        0x4 Middlewares/FreeRTOS/tasks.o
 .bss.xActiveTimerList1
                0x000000002001bd5c       0x14 Middlewares/FreeRTOS/timers.o
 .bss.xActiveTimerList2
                0x000000002001bd70       0x14 Middlewares/FreeRTOS/timers.o
 .bss.pxCurrentTimerList
                0x000000002001bd84        0x4 Middlewares/FreeRTOS/timers.o
 .bss.pxOverflowTimerList
                0x000000002001bd88        0x4 Middlewares/FreeRTOS/timers.o
 .bss.xTimerQueue
                0x000000002001bd8c        0x4 Middlewares/FreeRTOS/timers.o
 .bss.xTimerTaskHandle
                0x000000002001bd90        0x4 Middlewares/FreeRTOS/timers.o
 .bss.xLastTime.6727
                0x000000002001bd94        0x4 Middlewares/FreeRTOS/timers.o
 .bss.ucStaticTimerQueueStorage.6778
                0x000000002001bd98       0xa0 Middlewares/FreeRTOS/timers.o
 .bss.xStaticTimerQueue.6777
                0x000000002001be38       0x50 Middlewares/FreeRTOS/timers.o
 .bss.__malloc_free_list
                0x000000002001be88        0x4 c:/st/stm32cubeide_1.2.0/stm32cubeide/plugins/com.st.stm32cube.ide.mcu.externaltools.gnu-tools-for-stm32.7-2018-q2-update.win32_1.4.0.202007081208/tools/bin/../lib/gcc/arm-none-eabi/7.3.1/../../../../arm-none-eabi/lib/thumb/v7e-m/fpv4-sp/hard\libc_nano.a(lib_a-nano-mallocr.o)
                0x000000002001be88                __malloc_free_list
 .bss.__malloc_sbrk_start
                0x000000002001be8c        0x4 c:/st/stm32cubeide_1.2.0/stm32cubeide/plugins/com.st.stm32cube.ide.mcu.externaltools.gnu-tools-for-stm32.7-2018-q2-update.win32_1.4.0.202007081208/tools/bin/../lib/gcc/arm-none-eabi/7.3.1/../../../../arm-none-eabi/lib/thumb/v7e-m/fpv4-sp/hard\libc_nano.a(lib_a-nano-mallocr.o)
                0x000000002001be8c                __malloc_sbrk_start
 *(COMMON)
 COMMON         0x000000002001be90       0x18 Core/Src/freertos.o
                0x000000002001be90                defaultTaskHandle
                0x000000002001be94                myUARTMutexHandle
                0x000000002001be98                mid_MsgQueue
                0x000000002001be9c                Red_LEDHandle
                0x000000002001bea0                myBinarySem01Handle
                0x000000002001bea4                Green_LEDHandle
 COMMON         0x000000002001bea8       0x54 Core/Src/i2c.o
                0x000000002001bea8                hi2c1
 COMMON         0x000000002001befc       0x48 Core/Src/i2s.o
                0x000000002001befc                hi2s3
 COMMON         0x000000002001bf44       0x58 Core/Src/spi.o
                0x000000002001bf44                hspi1
 COMMON         0x000000002001bf9c       0x40 Core/Src/stm32f4xx_hal_timebase_tim.o
                0x000000002001bf9c                htim14
 COMMON         0x000000002001bfdc        0x4 Drivers/STM32F4xx_HAL_Driver/stm32f4xx_hal.o
                0x000000002001bfdc                uwTick
 COMMON         0x000000002001bfe0       0x40 Middlewares/FreeRTOS/queue.o
                0x000000002001bfe0                xQueueRegistry
 COMMON         0x000000002001c020        0x4 c:/st/stm32cubeide_1.2.0/stm32cubeide/plugins/com.st.stm32cube.ide.mcu.externaltools.gnu-tools-for-stm32.7-2018-q2-update.win32_1.4.0.202007081208/tools/bin/../lib/gcc/arm-none-eabi/7.3.1/../../../../arm-none-eabi/lib/thumb/v7e-m/fpv4-sp/hard\libc_nano.a(lib_a-reent.o)
                0x000000002001c020                errno
                0x000000002001c024                . = ALIGN (0x4)
                0x000000002001c024                _ebss = .
                0x000000002001c024                __bss_end__ = _ebss

._user_heap_stack
                0x000000002001c024      0x604 load address 0x00000000080087c0
                0x000000002001c028                . = ALIGN (0x8)
 *fill*         0x000000002001c024        0x4 
                0x000000002001c028                PROVIDE (end = .)
                [!provide]                        PROVIDE (_end = .)
                0x000000002001c228                . = (. + _Min_Heap_Size)
 *fill*         0x000000002001c028      0x200 
                0x000000002001c628                . = (. + _Min_Stack_Size)
 *fill*         0x000000002001c228      0x400 
                0x000000002001c628                . = ALIGN (0x8)

/DISCARD/
 libc.a(*)
 libm.a(*)
 libgcc.a(*)

.ARM.attributes
                0x0000000000000000       0x30
 *(.ARM.attributes)
 .ARM.attributes
                0x0000000000000000       0x22 c:/st/stm32cubeide_1.2.0/stm32cubeide/plugins/com.st.stm32cube.ide.mcu.externaltools.gnu-tools-for-stm32.7-2018-q2-update.win32_1.4.0.202007081208/tools/bin/../lib/gcc/arm-none-eabi/7.3.1/thumb/v7e-m/fpv4-sp/hard/crti.o
 .ARM.attributes
                0x0000000000000022       0x34 c:/st/stm32cubeide_1.2.0/stm32cubeide/plugins/com.st.stm32cube.ide.mcu.externaltools.gnu-tools-for-stm32.7-2018-q2-update.win32_1.4.0.202007081208/tools/bin/../lib/gcc/arm-none-eabi/7.3.1/thumb/v7e-m/fpv4-sp/hard/crtbegin.o
 .ARM.attributes
                0x0000000000000056       0x39 Core/Src/freertos.o
 .ARM.attributes
                0x000000000000008f       0x39 Core/Src/gpio.o
 .ARM.attributes
                0x00000000000000c8       0x39 Core/Src/i2c.o
 .ARM.attributes
                0x0000000000000101       0x39 Core/Src/i2s.o
 .ARM.attributes
                0x000000000000013a       0x39 Core/Src/main.o
 .ARM.attributes
                0x0000000000000173       0x39 Core/Src/spi.o
 .ARM.attributes
                0x00000000000001ac       0x39 Core/Src/stm32f4xx_hal_msp.o
 .ARM.attributes
                0x00000000000001e5       0x39 Core/Src/stm32f4xx_hal_timebase_tim.o
 .ARM.attributes
                0x000000000000021e       0x39 Core/Src/stm32f4xx_it.o
 .ARM.attributes
                0x0000000000000257       0x39 Core/Src/syscalls.o
 .ARM.attributes
                0x0000000000000290       0x39 Core/Src/sysmem.o
 .ARM.attributes
                0x00000000000002c9       0x39 Core/Src/system_stm32f4xx.o
 .ARM.attributes
                0x0000000000000302       0x39 Core/Src/usart.o
 .ARM.attributes
                0x000000000000033b       0x21 Core/Startup/startup_stm32f407vgtx.o
 .ARM.attributes
                0x000000000000035c       0x39 Drivers/STM32F4xx_HAL_Driver/stm32f4xx_hal.o
 .ARM.attributes
                0x0000000000000395       0x39 Drivers/STM32F4xx_HAL_Driver/stm32f4xx_hal_cortex.o
 .ARM.attributes
                0x00000000000003ce       0x39 Drivers/STM32F4xx_HAL_Driver/stm32f4xx_hal_gpio.o
 .ARM.attributes
                0x0000000000000407       0x39 Drivers/STM32F4xx_HAL_Driver/stm32f4xx_hal_i2c.o
 .ARM.attributes
                0x0000000000000440       0x39 Drivers/STM32F4xx_HAL_Driver/stm32f4xx_hal_i2s.o
 .ARM.attributes
                0x0000000000000479       0x39 Drivers/STM32F4xx_HAL_Driver/stm32f4xx_hal_i2s_ex.o
 .ARM.attributes
                0x00000000000004b2       0x39 Drivers/STM32F4xx_HAL_Driver/stm32f4xx_hal_rcc.o
 .ARM.attributes
                0x00000000000004eb       0x39 Drivers/STM32F4xx_HAL_Driver/stm32f4xx_hal_rcc_ex.o
 .ARM.attributes
                0x0000000000000524       0x39 Drivers/STM32F4xx_HAL_Driver/stm32f4xx_hal_spi.o
 .ARM.attributes
                0x000000000000055d       0x39 Drivers/STM32F4xx_HAL_Driver/stm32f4xx_hal_tim.o
 .ARM.attributes
                0x0000000000000596       0x39 Drivers/STM32F4xx_HAL_Driver/stm32f4xx_hal_tim_ex.o
 .ARM.attributes
                0x00000000000005cf       0x39 Drivers/STM32F4xx_HAL_Driver/stm32f4xx_ll_gpio.o
 .ARM.attributes
                0x0000000000000608       0x39 Drivers/STM32F4xx_HAL_Driver/stm32f4xx_ll_rcc.o
 .ARM.attributes
                0x0000000000000641       0x39 Drivers/STM32F4xx_HAL_Driver/stm32f4xx_ll_usart.o
 .ARM.attributes
                0x000000000000067a       0x39 Middlewares/FreeRTOS/cmsis_os2.o
 .ARM.attributes
                0x00000000000006b3       0x39 Middlewares/FreeRTOS/heap_4.o
 .ARM.attributes
                0x00000000000006ec       0x39 Middlewares/FreeRTOS/list.o
 .ARM.attributes
                0x0000000000000725       0x39 Middlewares/FreeRTOS/port.o
 .ARM.attributes
                0x000000000000075e       0x39 Middlewares/FreeRTOS/queue.o
 .ARM.attributes
                0x0000000000000797       0x39 Middlewares/FreeRTOS/tasks.o
 .ARM.attributes
                0x00000000000007d0       0x39 Middlewares/FreeRTOS/timers.o
 .ARM.attributes
                0x0000000000000809       0x34 c:/st/stm32cubeide_1.2.0/stm32cubeide/plugins/com.st.stm32cube.ide.mcu.externaltools.gnu-tools-for-stm32.7-2018-q2-update.win32_1.4.0.202007081208/tools/bin/../lib/gcc/arm-none-eabi/7.3.1/../../../../arm-none-eabi/lib/thumb/v7e-m/fpv4-sp/hard\libc_nano.a(lib_a-errno.o)
 .ARM.attributes
                0x000000000000083d       0x34 c:/st/stm32cubeide_1.2.0/stm32cubeide/plugins/com.st.stm32cube.ide.mcu.externaltools.gnu-tools-for-stm32.7-2018-q2-update.win32_1.4.0.202007081208/tools/bin/../lib/gcc/arm-none-eabi/7.3.1/../../../../arm-none-eabi/lib/thumb/v7e-m/fpv4-sp/hard\libc_nano.a(lib_a-impure.o)
 .ARM.attributes
                0x0000000000000871       0x34 c:/st/stm32cubeide_1.2.0/stm32cubeide/plugins/com.st.stm32cube.ide.mcu.externaltools.gnu-tools-for-stm32.7-2018-q2-update.win32_1.4.0.202007081208/tools/bin/../lib/gcc/arm-none-eabi/7.3.1/../../../../arm-none-eabi/lib/thumb/v7e-m/fpv4-sp/hard\libc_nano.a(lib_a-init.o)
 .ARM.attributes
                0x00000000000008a5       0x34 c:/st/stm32cubeide_1.2.0/stm32cubeide/plugins/com.st.stm32cube.ide.mcu.externaltools.gnu-tools-for-stm32.7-2018-q2-update.win32_1.4.0.202007081208/tools/bin/../lib/gcc/arm-none-eabi/7.3.1/../../../../arm-none-eabi/lib/thumb/v7e-m/fpv4-sp/hard\libc_nano.a(lib_a-memcpy-stub.o)
 .ARM.attributes
                0x00000000000008d9       0x34 c:/st/stm32cubeide_1.2.0/stm32cubeide/plugins/com.st.stm32cube.ide.mcu.externaltools.gnu-tools-for-stm32.7-2018-q2-update.win32_1.4.0.202007081208/tools/bin/../lib/gcc/arm-none-eabi/7.3.1/../../../../arm-none-eabi/lib/thumb/v7e-m/fpv4-sp/hard\libc_nano.a(lib_a-memset.o)
 .ARM.attributes
                0x000000000000090d       0x34 c:/st/stm32cubeide_1.2.0/stm32cubeide/plugins/com.st.stm32cube.ide.mcu.externaltools.gnu-tools-for-stm32.7-2018-q2-update.win32_1.4.0.202007081208/tools/bin/../lib/gcc/arm-none-eabi/7.3.1/../../../../arm-none-eabi/lib/thumb/v7e-m/fpv4-sp/hard\libc_nano.a(lib_a-puts.o)
 .ARM.attributes
                0x0000000000000941       0x34 c:/st/stm32cubeide_1.2.0/stm32cubeide/plugins/com.st.stm32cube.ide.mcu.externaltools.gnu-tools-for-stm32.7-2018-q2-update.win32_1.4.0.202007081208/tools/bin/../lib/gcc/arm-none-eabi/7.3.1/../../../../arm-none-eabi/lib/thumb/v7e-m/fpv4-sp/hard\libc_nano.a(lib_a-strcat.o)
 .ARM.attributes
                0x0000000000000975       0x34 c:/st/stm32cubeide_1.2.0/stm32cubeide/plugins/com.st.stm32cube.ide.mcu.externaltools.gnu-tools-for-stm32.7-2018-q2-update.win32_1.4.0.202007081208/tools/bin/../lib/gcc/arm-none-eabi/7.3.1/../../../../arm-none-eabi/lib/thumb/v7e-m/fpv4-sp/hard\libc_nano.a(lib_a-strchr.o)
 .ARM.attributes
                0x00000000000009a9       0x34 c:/st/stm32cubeide_1.2.0/stm32cubeide/plugins/com.st.stm32cube.ide.mcu.externaltools.gnu-tools-for-stm32.7-2018-q2-update.win32_1.4.0.202007081208/tools/bin/../lib/gcc/arm-none-eabi/7.3.1/../../../../arm-none-eabi/lib/thumb/v7e-m/fpv4-sp/hard\libc_nano.a(lib_a-strstr.o)
 .ARM.attributes
                0x00000000000009dd       0x34 c:/st/stm32cubeide_1.2.0/stm32cubeide/plugins/com.st.stm32cube.ide.mcu.externaltools.gnu-tools-for-stm32.7-2018-q2-update.win32_1.4.0.202007081208/tools/bin/../lib/gcc/arm-none-eabi/7.3.1/../../../../arm-none-eabi/lib/thumb/v7e-m/fpv4-sp/hard\libc_nano.a(lib_a-strupr.o)
 .ARM.attributes
                0x0000000000000a11       0x34 c:/st/stm32cubeide_1.2.0/stm32cubeide/plugins/com.st.stm32cube.ide.mcu.externaltools.gnu-tools-for-stm32.7-2018-q2-update.win32_1.4.0.202007081208/tools/bin/../lib/gcc/arm-none-eabi/7.3.1/../../../../arm-none-eabi/lib/thumb/v7e-m/fpv4-sp/hard\libc_nano.a(lib_a-wbuf.o)
 .ARM.attributes
                0x0000000000000a45       0x34 c:/st/stm32cubeide_1.2.0/stm32cubeide/plugins/com.st.stm32cube.ide.mcu.externaltools.gnu-tools-for-stm32.7-2018-q2-update.win32_1.4.0.202007081208/tools/bin/../lib/gcc/arm-none-eabi/7.3.1/../../../../arm-none-eabi/lib/thumb/v7e-m/fpv4-sp/hard\libc_nano.a(lib_a-wsetup.o)
 .ARM.attributes
                0x0000000000000a79       0x34 c:/st/stm32cubeide_1.2.0/stm32cubeide/plugins/com.st.stm32cube.ide.mcu.externaltools.gnu-tools-for-stm32.7-2018-q2-update.win32_1.4.0.202007081208/tools/bin/../lib/gcc/arm-none-eabi/7.3.1/../../../../arm-none-eabi/lib/thumb/v7e-m/fpv4-sp/hard\libc_nano.a(lib_a-fflush.o)
 .ARM.attributes
                0x0000000000000aad       0x34 c:/st/stm32cubeide_1.2.0/stm32cubeide/plugins/com.st.stm32cube.ide.mcu.externaltools.gnu-tools-for-stm32.7-2018-q2-update.win32_1.4.0.202007081208/tools/bin/../lib/gcc/arm-none-eabi/7.3.1/../../../../arm-none-eabi/lib/thumb/v7e-m/fpv4-sp/hard\libc_nano.a(lib_a-findfp.o)
 .ARM.attributes
                0x0000000000000ae1       0x34 c:/st/stm32cubeide_1.2.0/stm32cubeide/plugins/com.st.stm32cube.ide.mcu.externaltools.gnu-tools-for-stm32.7-2018-q2-update.win32_1.4.0.202007081208/tools/bin/../lib/gcc/arm-none-eabi/7.3.1/../../../../arm-none-eabi/lib/thumb/v7e-m/fpv4-sp/hard\libc_nano.a(lib_a-fwalk.o)
 .ARM.attributes
                0x0000000000000b15       0x34 c:/st/stm32cubeide_1.2.0/stm32cubeide/plugins/com.st.stm32cube.ide.mcu.externaltools.gnu-tools-for-stm32.7-2018-q2-update.win32_1.4.0.202007081208/tools/bin/../lib/gcc/arm-none-eabi/7.3.1/../../../../arm-none-eabi/lib/thumb/v7e-m/fpv4-sp/hard\libc_nano.a(lib_a-locale.o)
 .ARM.attributes
                0x0000000000000b49       0x34 c:/st/stm32cubeide_1.2.0/stm32cubeide/plugins/com.st.stm32cube.ide.mcu.externaltools.gnu-tools-for-stm32.7-2018-q2-update.win32_1.4.0.202007081208/tools/bin/../lib/gcc/arm-none-eabi/7.3.1/../../../../arm-none-eabi/lib/thumb/v7e-m/fpv4-sp/hard\libc_nano.a(lib_a-makebuf.o)
 .ARM.attributes
                0x0000000000000b7d       0x34 c:/st/stm32cubeide_1.2.0/stm32cubeide/plugins/com.st.stm32cube.ide.mcu.externaltools.gnu-tools-for-stm32.7-2018-q2-update.win32_1.4.0.202007081208/tools/bin/../lib/gcc/arm-none-eabi/7.3.1/../../../../arm-none-eabi/lib/thumb/v7e-m/fpv4-sp/hard\libc_nano.a(lib_a-mbtowc_r.o)
 .ARM.attributes